Microchip MPLAB XC8 Compiler V2.40

Linker command line:

-W-3 \
  --edf=C:/Users/a_hui/.mchp_packs/Microchip/PIC18F-Q_DFP/1.16.368/xc8\pic\dat\20230209155309_en.msgs \
  -pivt0x8=08h -cn -h+dist/default/production\lab11.production.sym \
  --cmf=dist/default/production\lab11.production.cmf -z -Q18F57Q43 \
  -oC:\Users\a_hui\AppData\Local\Temp\xcAs123k.4 --defsym=__MPLAB_BUILD=1 \
  --fixupoverflow=error -Mdist/default/production/lab11.production.map \
  --md=C:\Users\a_hui\AppData\Local\Temp\xcAs123k.dat -E1 -ver=XC8 Compiler \
  --acfsm=1493 -ACODE=00h-01FFFFh -ACONST=00h-01FFFFh \
  -ASMALLCONST=02600h-026FFhx474 \
  -AMEDIUMCONST=02600h-0FFFFh,012600h-01FFFFh -ACOMRAM=0501h-055Fh \
  -AABS1=0500h-024FFh -ABIGRAM=0501h-024FFh \
  -ARAM=0560h-05FFh,0600h-06FFhx31 -ABANK5=0560h-05FFh -ABANK6=0600h-06FFh \
  -ABANK7=0700h-07FFh -ABANK8=0800h-08FFh -ABANK9=0900h-09FFh \
  -ABANK10=0A00h-0AFFh -ABANK11=0B00h-0BFFh -ABANK12=0C00h-0CFFh \
  -ABANK13=0D00h-0DFFh -ABANK14=0E00h-0EFFh -ABANK15=0F00h-0FFFh \
  -ABANK16=01000h-010FFh -ABANK17=01100h-011FFh -ABANK18=01200h-012FFh \
  -ABANK19=01300h-013FFh -ABANK20=01400h-014FFh -ABANK21=01500h-015FFh \
  -ABANK22=01600h-016FFh -ABANK23=01700h-017FFh -ABANK24=01800h-018FFh \
  -ABANK25=01900h-019FFh -ABANK26=01A00h-01AFFh -ABANK27=01B00h-01BFFh \
  -ABANK28=01C00h-01CFFh -ABANK29=01D00h-01DFFh -ABANK30=01E00h-01EFFh \
  -ABANK31=01F00h-01FFFh -ABANK32=02000h-020FFh -ABANK33=02100h-021FFh \
  -ABANK34=02200h-022FFh -ABANK35=02300h-023FFh -ABANK36=02400h-024FFh \
  -ASFR=00h-0FFhx4,0400h-045Fh,0460h-04FFh,02500h-025FFh \
  -ABIGSFR=00h-04FFh,02500h-025FFh -ACONFIG=0300000h-0300011h \
  -AIDLOC=0200000h-020003Fh -AEEDATA=0380000h-03803FFh -peeprom_data=EEDATA \
  -preset_vec=00h -ppowerup=CODE,init -pramtop=02600h \
  -psmallconst=SMALLCONST -pmediumconst=MEDIUMCONST -pconst=CONST \
  -AFARRAM=00h-00h \
  -prdata=COMRAM,nvrram=COMRAM,nvbit=COMRAM,rbss=COMRAM,rbit=COMRAM \
  -pfarbss=FARRAM,fardata=FARRAM,nvFARRAM=FARRAM \
  -pintsave_regs=BIGRAM,bigbss=BIGRAM,bigdata=BIGRAM -pbss=RAM \
  -pidata=CODE,irdata=CODE,ibigdata=CODE,ifardata=CODE -prparam=COMRAM \
  C:\Users\a_hui\AppData\Local\Temp\xcAs123k.o \
  dist/default/production\lab11.production.o 

Object code version is 3.11

Machine type is 18F57Q43



                Name                               Link     Load   Length Selector   Space Scale
C:\Users\a_hui\AppData\Local\Temp\xcAs123k.o
                idloc                            200000   200000       40        0       5
                config                           300000   300000        A        0       4
                init                                102      102        4        4       0
                reset_vec                             0        0        4        0       0
dist/default/production\lab11.production.o
                idloc                            200000   200000       40        0       5
                config                           300000   300000        A        0       4
                smallconst                         2600     2600       22     1300       0
                ivt0x8                                8        8       FA        4       0
                text27                             4A50     4A50        2     1292       0
                text26                             4A48     4A48        8     1292       0
                text25                             4A20     4A20       1A     1288       0
                text24                             47C2     47C2       74     1311       0
                text23                             4A3A     4A3A        C     1288       0
                text22                             4404     4404       EA     1311       0
                text21                             49C4     49C4       20     1311       0
                text20                             49E4     49E4       1E     1311       0
                text19                             4662     4662       78     1311       0
                text18                             489A     489A       52     1311       0
                text17                             44EE     44EE       C4     1311       0
                text16                             45B2     45B2       B0     1311       0
                text15                             2FE8     2FE8      42A     1311       0
                text14                             41F8     41F8      108     1311       0
                text13                             474E     474E       74     1311       0
                text12                             4836     4836       64     1311       0
                text11                             46DA     46DA       74     1311       0
                text10                             3412     3412      3B4     1311       0
                text9                              3F2C     3F2C      180     1311       0
                text8                              37C6     37C6      39A     1311       0
                text7                              4300     4300      104     1311       0
                text6                              2B28     2B28      4C0     1311       0
                text5                              497E     497E       46     1311       0
                text4                              3D78     3D78      1B4     1311       0
                text3                              3B60     3B60      218     1311       0
                text2                              4938     4938       46     1311       0
                text1                              40AC     40AC      14C     1311       0
                text0                              2622     2622      506     1311       0
                cstackCOMRAM                        501      501       5D      501       1
                cstackBANK5                         560      560       72      560       1
                bssBANK6                            600      600       14      600       1
                dataBANK5                           5D2      5D2       1D      560       1
                bssBANK5                            5EF      5EF        7      560       1
                cinit                              48EC     48EC       4C     1311       0
                idataBANK5                         4A02     4A02       1D     1311       0

TOTAL           Name                               Link     Load   Length     Space
        CLASS   CODE           
                init                                102      102        4         0
                reset_vec                             0        0        4         0
                ivt0x8                                8        8       FA         0
                text27                             4A50     4A50        2         0
                text26                             4A48     4A48        8         0
                text25                             4A20     4A20       1A         0
                text24                             47C2     47C2       74         0
                text23                             4A3A     4A3A        C         0
                text22                             4404     4404       EA         0
                text21                             49C4     49C4       20         0
                text20                             49E4     49E4       1E         0
                text19                             4662     4662       78         0
                text18                             489A     489A       52         0
                text17                             44EE     44EE       C4         0
                text16                             45B2     45B2       B0         0
                text15                             2FE8     2FE8      42A         0
                text14                             41F8     41F8      108         0
                text13                             474E     474E       74         0
                text12                             4836     4836       64         0
                text11                             46DA     46DA       74         0
                text10                             3412     3412      3B4         0
                text9                              3F2C     3F2C      180         0
                text8                              37C6     37C6      39A         0
                text7                              4300     4300      104         0
                text6                              2B28     2B28      4C0         0
                text5                              497E     497E       46         0
                text4                              3D78     3D78      1B4         0
                text3                              3B60     3B60      218         0
                text2                              4938     4938       46         0
                text1                              40AC     40AC      14C         0
                text0                              2622     2622      506         0
                cinit                              48EC     48EC       4C         0
                idataBANK5                         4A02     4A02       1D         0

        CLASS   CONST          

        CLASS   SMALLCONST     
                smallconst                         2600     2600       22         0

        CLASS   MEDIUMCONST    

        CLASS   COMRAM         
                cstackCOMRAM                        501      501       5D         1

        CLASS   ABS1           

        CLASS   BIGRAM         

        CLASS   RAM            

        CLASS   BANK5          
                cstackBANK5                         560      560       72         1
                dataBANK5                           5D2      5D2       1D         1
                bssBANK5                            5EF      5EF        7         1

        CLASS   BANK6          
                bssBANK6                            600      600       14         1

        CLASS   BANK7          

        CLASS   BANK8          

        CLASS   BANK9          

        CLASS   BANK10         

        CLASS   BANK11         

        CLASS   BANK12         

        CLASS   BANK13         

        CLASS   BANK14         

        CLASS   BANK15         

        CLASS   BANK16         

        CLASS   BANK17         

        CLASS   BANK18         

        CLASS   BANK19         

        CLASS   BANK20         

        CLASS   BANK21         

        CLASS   BANK22         

        CLASS   BANK23         

        CLASS   BANK24         

        CLASS   BANK25         

        CLASS   BANK26         

        CLASS   BANK27         

        CLASS   BANK28         

        CLASS   BANK29         

        CLASS   BANK30         

        CLASS   BANK31         

        CLASS   BANK32         

        CLASS   BANK33         

        CLASS   BANK34         

        CLASS   BANK35         

        CLASS   BANK36         

        CLASS   SFR            

        CLASS   BIGSFR         

        CLASS   CONFIG         
                config                           300000   300000        A         4

        CLASS   IDLOC          
                idloc                            200000   200000       40         5

        CLASS   EEDATA         

        CLASS   FARRAM         

        CLASS   HEAP           

        CLASS   STACK          



SEGMENTS        Name                           Load    Length   Top    Selector   Space  Class

                reset_vec                      000000  000004  000004         0       0  CODE    
                ivt0x8                         000008  0000FE  000106         4       0  CODE    
                cstackCOMRAM                   000501  00005D  00055E       501       1  COMRAM  
                cstackBANK5                    000560  000096  0005F6       560       1  BANK5   
                bssBANK6                       000600  000014  000614       600       1  BANK6   
                smallconst                     002600  000022  002622      1300       0  SMALLCON
                text0                          002622  0023FD  004A1F      1311       0  CODE    
                text25                         004A20  000026  004A46      1288       0  CODE    
                text26                         004A48  00000A  004A52      1292       0  CODE    


UNUSED ADDRESS RANGES

        Name                Unused          Largest block    Delta
        BANK10           000A00-000AFF              100
        BANK11           000B00-000BFF              100
        BANK12           000C00-000CFF              100
        BANK13           000D00-000DFF              100
        BANK14           000E00-000EFF              100
        BANK15           000F00-000FFF              100
        BANK16           001000-0010FF              100
        BANK17           001100-0011FF              100
        BANK18           001200-0012FF              100
        BANK19           001300-0013FF              100
        BANK20           001400-0014FF              100
        BANK21           001500-0015FF              100
        BANK22           001600-0016FF              100
        BANK23           001700-0017FF              100
        BANK24           001800-0018FF              100
        BANK25           001900-0019FF              100
        BANK26           001A00-001AFF              100
        BANK27           001B00-001BFF              100
        BANK28           001C00-001CFF              100
        BANK29           001D00-001DFF              100
        BANK30           001E00-001EFF              100
        BANK31           001F00-001FFF              100
        BANK32           002000-0020FF              100
        BANK33           002100-0021FF              100
        BANK34           002200-0022FF              100
        BANK35           002300-0023FF              100
        BANK36           002400-0024FF              100
        BANK5            0005F6-0005FF                A
        BANK6            000614-0006FF               EC
        BANK7            000700-0007FF              100
        BANK8            000800-0008FF              100
        BANK9            000900-0009FF              100
        BIGRAM           00055E-00055F                2
                         0005F6-0005FF                A
                         000614-0024FF             1EEC
        BIGSFR           000000-0004FF              500
                         002500-0025FF              100
        CODE             000004-000007                4
                         000106-0025FF             24FA
                         004A1F-004A1F                1
                         004A46-004A47                2
                         004A52-01FFFF            1B5AE
        COMRAM           00055E-00055F                2
        CONFIG           30000A-300011                8
        CONST            000004-000007                4
                         000106-0025FF             24FA
                         004A1F-004A1F                1
                         004A46-004A47                2
                         004A52-01FFFF            1B5AE
        EEDATA           380000-3803FF              400
        MEDIUMCONST      004A1F-004A1F                1
                         004A46-004A47                2
                         004A52-00FFFF             B5AE
                         012600-01FFFF             DA00
        RAM              0005F6-0005FF                A
                         000614-0024FF              100
        SFR              000000-0004FF              100
                         002500-0025FF              100
        SMALLCONST       004A1F-004A1F                1
                         004A46-004A47                2
                         004A52-01FFFF              100

                                  Symbol Table

?_LCDprintf                cstackBANK5  000580
?___awdiv                  cstackCOMRAM 000502
?___awmod                  cstackCOMRAM 000502
?___fladd                  cstackCOMRAM 000529
?___fldiv                  cstackCOMRAM 000510
?___flmul                  cstackCOMRAM 000541
?___flsub                  cstackCOMRAM 000539
?___fltol                  cstackBANK5  000576
?___lwdiv                  cstackCOMRAM 000502
?___lwmod                  cstackCOMRAM 000502
?___xxtofl                 cstackCOMRAM 000502
?_analogMap                cstackBANK5  000560
?_analogRead               cstackCOMRAM 000502
?_toString                 cstackCOMRAM 000509
IVTBASEH                   (abs)        00045E
IVTBASEL                   (abs)        00045D
IVTBASEU                   (abs)        00045F
LCDgoto@pos                cstackCOMRAM 000504
LCDinstruct@instr          cstackCOMRAM 000503
LCDprintc@c                cstackCOMRAM 000503
LCDprintf@args             cstackBANK5  0005AD
LCDprintf@f_input          cstackBANK5  0005A6
LCDprintf@f_int            cstackBANK5  0005AA
LCDprintf@f_string         cstackBANK5  000591
LCDprintf@i                cstackBANK5  0005A5
LCDprintf@indexer          cstackBANK5  0005AC
LCDprintf@shell            cstackBANK5  000580
LCDprints@c                cstackCOMRAM 000513
RTCupdate@current_time     cstackBANK5  0005AF
_ADCON0bits                (abs)        0003F3
_ADPCH                     (abs)        0003EC
_ADRESH                    (abs)        0003EB
_ADRESL                    (abs)        0003EA
_ANSELAbits                (abs)        000400
_ANSELBbits                (abs)        000408
_ANSELD                    (abs)        000418
_ANSELF                    (abs)        000428
_INTCON0bits               (abs)        0004D6
_IOCBF                     (abs)        00040F
_IOCBF4                    (abs)        00207C
_IOCBN4                    (abs)        002074
_IPR3bits                  (abs)        000365
_LATD                      (abs)        0004C1
_LATDbits                  (abs)        0004C1
_LATF                      (abs)        0004C3
_LCDgoto                   text23       004A3A
_LCDinit                   text22       004404
_LCDinstruct               text24       0047C2
_LCDprintc                 text19       004662
_LCDprintf                 text10       003412
_LCDprints                 text18       00489A
_PIE0bits                  (abs)        00049E
_PIE3bits                  (abs)        0004A1
_PIR3bits                  (abs)        0004B1
_PORTF                     (abs)        0004D3
_RTCinit                   text20       0049E4
_RTCupdate                 text9        003F2C
_RTCupdate$510             cstackBANK5  0005B5
_T0CON0                    (abs)        00031A
_T0CON0bits                (abs)        00031A
_T0CON1                    (abs)        00031B
_TMR0H                     (abs)        000319
_TRISAbits                 (abs)        0004C6
_TRISBbits                 (abs)        0004C7
_TRISD                     (abs)        0004C9
_TRISF                     (abs)        0004CB
_WPUBbits                  (abs)        000409
_WPUD                      (abs)        000419
_WPUF                      (abs)        000429
__HRAM                     (abs)        000000
__Habs1                    abs1         000000
__Hbank10                  bank10       000000
__Hbank11                  bank11       000000
__Hbank12                  bank12       000000
__Hbank13                  bank13       000000
__Hbank14                  bank14       000000
__Hbank15                  bank15       000000
__Hbank16                  bank16       000000
__Hbank17                  bank17       000000
__Hbank18                  bank18       000000
__Hbank19                  bank19       000000
__Hbank20                  bank20       000000
__Hbank21                  bank21       000000
__Hbank22                  bank22       000000
__Hbank23                  bank23       000000
__Hbank24                  bank24       000000
__Hbank25                  bank25       000000
__Hbank26                  bank26       000000
__Hbank27                  bank27       000000
__Hbank28                  bank28       000000
__Hbank29                  bank29       000000
__Hbank30                  bank30       000000
__Hbank31                  bank31       000000
__Hbank32                  bank32       000000
__Hbank33                  bank33       000000
__Hbank34                  bank34       000000
__Hbank35                  bank35       000000
__Hbank36                  bank36       000000
__Hbank5                   bank5        000000
__Hbank6                   bank6        000000
__Hbank7                   bank7        000000
__Hbank8                   bank8        000000
__Hbank9                   bank9        000000
__Hbigbss                  bigbss       000000
__Hbigdata                 bigdata      000000
__Hbigram                  bigram       000000
__Hbigsfr                  bigsfr       000000
__Hbss                     bss          000000
__HbssBANK5                bssBANK5     000000
__HbssBANK6                bssBANK6     000000
__Hcinit                   cinit        000000
__Hclrtext                 clrtext      000000
__Hcomram                  comram       000000
__Hconfig                  config       30000A
__Hconst                   const        000000
__HcstackBANK5             cstackBANK5  000000
__HcstackCOMRAM            cstackCOMRAM 000000
__Hdata                    data         000000
__HdataBANK5               dataBANK5    000000
__Heeprom_data             eeprom_data  000000
__Hfarbss                  farbss       000000
__Hfardata                 fardata      000000
__Hheap                    heap         000000
__Hibigdata                ibigdata     000000
__Hidata                   idata        000000
__HidataBANK5              idataBANK5   000000
__Hidloc                   idloc        200040
__Hifardata                ifardata     000000
__Hinit                    init         000106
__Hintsave_regs            intsave_regs 000000
__Hirdata                  irdata       000000
__Hivt0x8                  ivt0x8       000102
__Hmediumconst             mediumconst  000000
__HnvFARRAM                nvFARRAM     000000
__Hnvbit                   nvbit        000000
__Hnvrram                  nvrram       000000
__Hparam                   rparam       000000
__Hpowerup                 powerup      000000
__Hram                     ram          000000
__Hramtop                  ramtop       002600
__Hrbit                    rbit         000000
__Hrbss                    rbss         000000
__Hrdata                   rdata        000000
__Hreset_vec               reset_vec    000004
__Hrparam                  rparam       000000
__Hsfr                     sfr          000000
__Hsmallconst              smallconst   002622
__Hspace_0                 (abs)        004A52
__Hspace_1                 (abs)        000614
__Hspace_2                 (abs)        000000
__Hspace_4                 (abs)        60000A
__Hstack                   stack        000000
__Hstruct                  struct       000000
__Htemp                    temp         000000
__Htext                    text         000000
__Htext0                   text0        000000
__Htext1                   text1        000000
__Htext10                  text10       000000
__Htext11                  text11       000000
__Htext12                  text12       000000
__Htext13                  text13       000000
__Htext14                  text14       000000
__Htext15                  text15       000000
__Htext16                  text16       000000
__Htext17                  text17       000000
__Htext18                  text18       000000
__Htext19                  text19       000000
__Htext2                   text2        000000
__Htext20                  text20       000000
__Htext21                  text21       000000
__Htext22                  text22       000000
__Htext23                  text23       000000
__Htext24                  text24       000000
__Htext25                  text25       000000
__Htext26                  text26       000000
__Htext27                  text27       000000
__Htext3                   text3        000000
__Htext4                   text4        000000
__Htext5                   text5        000000
__Htext6                   text6        000000
__Htext7                   text7        000000
__Htext8                   text8        000000
__Htext9                   text9        000000
__LRAM                     (abs)        000001
__Labs1                    abs1         000000
__Lbank10                  bank10       000000
__Lbank11                  bank11       000000
__Lbank12                  bank12       000000
__Lbank13                  bank13       000000
__Lbank14                  bank14       000000
__Lbank15                  bank15       000000
__Lbank16                  bank16       000000
__Lbank17                  bank17       000000
__Lbank18                  bank18       000000
__Lbank19                  bank19       000000
__Lbank20                  bank20       000000
__Lbank21                  bank21       000000
__Lbank22                  bank22       000000
__Lbank23                  bank23       000000
__Lbank24                  bank24       000000
__Lbank25                  bank25       000000
__Lbank26                  bank26       000000
__Lbank27                  bank27       000000
__Lbank28                  bank28       000000
__Lbank29                  bank29       000000
__Lbank30                  bank30       000000
__Lbank31                  bank31       000000
__Lbank32                  bank32       000000
__Lbank33                  bank33       000000
__Lbank34                  bank34       000000
__Lbank35                  bank35       000000
__Lbank36                  bank36       000000
__Lbank5                   bank5        000000
__Lbank6                   bank6        000000
__Lbank7                   bank7        000000
__Lbank8                   bank8        000000
__Lbank9                   bank9        000000
__Lbigbss                  bigbss       000000
__Lbigdata                 bigdata      000000
__Lbigram                  bigram       000000
__Lbigsfr                  bigsfr       000000
__Lbss                     bss          000000
__LbssBANK5                bssBANK5     000000
__LbssBANK6                bssBANK6     000000
__Lcinit                   cinit        000000
__Lclrtext                 clrtext      000000
__Lcomram                  comram       000000
__Lconfig                  config       000000
__Lconst                   const        000000
__LcstackBANK5             cstackBANK5  000000
__LcstackCOMRAM            cstackCOMRAM 000000
__Ldata                    data         000000
__LdataBANK5               dataBANK5    000000
__Leeprom_data             eeprom_data  000000
__Lfarbss                  farbss       000000
__Lfardata                 fardata      000000
__Lheap                    heap         000000
__Libigdata                ibigdata     000000
__Lidata                   idata        000000
__LidataBANK5              idataBANK5   000000
__Lidloc                   idloc        000000
__Lifardata                ifardata     000000
__Linit                    init         000102
__Lintsave_regs            intsave_regs 000000
__Lirdata                  irdata       000000
__Livt0x8                  ivt0x8       000008
__Lmediumconst             mediumconst  000000
__LnvFARRAM                nvFARRAM     000000
__Lnvbit                   nvbit        000000
__Lnvrram                  nvrram       000000
__Lparam                   rparam       000000
__Lpowerup                 powerup      000000
__Lram                     ram          000000
__Lramtop                  ramtop       002600
__Lrbit                    rbit         000000
__Lrbss                    rbss         000000
__Lrdata                   rdata        000000
__Lreset_vec               reset_vec    000000
__Lrparam                  rparam       000000
__Lsfr                     sfr          000000
__Lsmallconst              smallconst   002600
__Lspace_0                 (abs)        000000
__Lspace_1                 (abs)        000000
__Lspace_2                 (abs)        000000
__Lspace_4                 (abs)        000000
__Lstack                   stack        000000
__Lstruct                  struct       000000
__Ltemp                    temp         000000
__Ltext                    text         000000
__Ltext0                   text0        000000
__Ltext1                   text1        000000
__Ltext10                  text10       000000
__Ltext11                  text11       000000
__Ltext12                  text12       000000
__Ltext13                  text13       000000
__Ltext14                  text14       000000
__Ltext15                  text15       000000
__Ltext16                  text16       000000
__Ltext17                  text17       000000
__Ltext18                  text18       000000
__Ltext19                  text19       000000
__Ltext2                   text2        000000
__Ltext20                  text20       000000
__Ltext21                  text21       000000
__Ltext22                  text22       000000
__Ltext23                  text23       000000
__Ltext24                  text24       000000
__Ltext25                  text25       000000
__Ltext26                  text26       000000
__Ltext27                  text27       000000
__Ltext3                   text3        000000
__Ltext4                   text4        000000
__Ltext5                   text5        000000
__Ltext6                   text6        000000
__Ltext7                   text7        000000
__Ltext8                   text8        000000
__Ltext9                   text9        000000
__S0                       (abs)        004A52
__S1                       (abs)        000614
__S4                       (abs)        000000
__S5                       (abs)        000000
___awdiv                   text17       0044EE
___awdiv@counter           cstackCOMRAM 000506
___awdiv@dividend          cstackCOMRAM 000502
___awdiv@divisor           cstackCOMRAM 000504
___awdiv@quotient          cstackCOMRAM 000508
___awdiv@sign              cstackCOMRAM 000507
___awmod                   text16       0045B2
___awmod@counter           cstackCOMRAM 000506
___awmod@dividend          cstackCOMRAM 000502
___awmod@divisor           cstackCOMRAM 000504
___awmod@sign              cstackCOMRAM 000507
___fladd                   text6        002B28
___fladd@a                 cstackCOMRAM 00052D
___fladd@aexp              cstackCOMRAM 000536
___fladd@b                 cstackCOMRAM 000529
___fladd@bexp              cstackCOMRAM 000537
___fladd@grs               cstackCOMRAM 000538
___fladd@signs             cstackCOMRAM 000535
___fldiv                   text8        0037C6
___fldiv@a                 cstackCOMRAM 000514
___fldiv@aexp              cstackCOMRAM 000528
___fldiv@b                 cstackCOMRAM 000510
___fldiv@bexp              cstackCOMRAM 000527
___fldiv@grs               cstackCOMRAM 000523
___fldiv@new_exp           cstackCOMRAM 000521
___fldiv@rem               cstackCOMRAM 00051C
___fldiv@sign              cstackCOMRAM 000520
___flge                    text7        004300
___flge@ff1                cstackCOMRAM 000502
___flge@ff2                cstackCOMRAM 000506
___flmul                   text15       002FE8
___flmul@a                 cstackCOMRAM 000545
___flmul@aexp              cstackCOMRAM 000552
___flmul@b                 cstackCOMRAM 000541
___flmul@bexp              cstackCOMRAM 000553
___flmul@grs               cstackCOMRAM 00054E
___flmul@prod              cstackCOMRAM 000554
___flmul@sign              cstackCOMRAM 00054D
___flmul@temp              cstackCOMRAM 000558
___flsub                   text5        00497E
___flsub@a                 cstackCOMRAM 00053D
___flsub@b                 cstackCOMRAM 000539
___fltol                   text14       0041F8
___fltol@exp1              cstackBANK5  00057F
___fltol@f1                cstackBANK5  000576
___fltol@sign1             cstackBANK5  00057E
___heap_hi                 (abs)        000000
___heap_lo                 (abs)        000000
___inthi_sp                stack        000000
___intlo_sp                stack        000000
___lwdiv                   text13       00474E
___lwdiv@counter           cstackCOMRAM 000508
___lwdiv@dividend          cstackCOMRAM 000502
___lwdiv@divisor           cstackCOMRAM 000504
___lwdiv@quotient          cstackCOMRAM 000506
___lwmod                   text12       004836
___lwmod@counter           cstackCOMRAM 000506
___lwmod@dividend          cstackCOMRAM 000502
___lwmod@divisor           cstackCOMRAM 000504
___param_bank              (abs)        000000
___rparam_used             (abs)        000001
___sp                      stack        000000
___xxtofl                  text4        003D78
___xxtofl@arg              cstackCOMRAM 00050C
___xxtofl@exp              cstackCOMRAM 00050B
___xxtofl@sign             cstackCOMRAM 00050A
___xxtofl@val              cstackCOMRAM 000502
__accesstop                (abs)        000560
__activetblptr             (abs)        000003
__end_of_LCDgoto           text23       004A46
__end_of_LCDinit           text22       0044EE
__end_of_LCDinstruct       text24       004836
__end_of_LCDprintc         text19       0046DA
__end_of_LCDprintf         text10       0037C6
__end_of_LCDprints         text18       0048EC
__end_of_RTCinit           text20       004A02
__end_of_RTCupdate         text9        0040AC
__end_of___awdiv           text17       0045B2
__end_of___awmod           text16       004662
__end_of___fladd           text6        002FE8
__end_of___fldiv           text8        003B60
__end_of___flge            text7        004404
__end_of___flmul           text15       003412
__end_of___flsub           text5        0049C4
__end_of___fltol           text14       004300
__end_of___lwdiv           text13       0047C2
__end_of___lwmod           text12       00489A
__end_of___xxtofl          text4        003F2C
__end_of__initialization   cinit        004932
__end_of_analogMap         text3        003D78
__end_of_analogRead        text2        00497E
__end_of_defaultINT        text27       004A52
__end_of_keyScan           text1        0041F8
__end_of_main              text0        002B28
__end_of_setINT            text25       004A3A
__end_of_tickINT           text26       004A50
__end_of_timerInit         text21       0049E4
__end_of_toString          text11       00474E
__initialization           cinit        0048EC
__mediumconst              mediumconst  000000
__pbssBANK5                bssBANK5     0005EF
__pbssBANK6                bssBANK6     000600
__pcinit                   cinit        0048EC
__pcstackBANK5             cstackBANK5  000560
__pcstackCOMRAM            cstackCOMRAM 000501
__pdataBANK5               dataBANK5    0005D2
__pidataBANK5              idataBANK5   004A02
__pivt0x8                  ivt0x8       000008
__psmallconst              smallconst   002600
__ptext0                   text0        002622
__ptext1                   text1        0040AC
__ptext10                  text10       003412
__ptext11                  text11       0046DA
__ptext12                  text12       004836
__ptext13                  text13       00474E
__ptext14                  text14       0041F8
__ptext15                  text15       002FE8
__ptext16                  text16       0045B2
__ptext17                  text17       0044EE
__ptext18                  text18       00489A
__ptext19                  text19       004662
__ptext2                   text2        004938
__ptext20                  text20       0049E4
__ptext21                  text21       0049C4
__ptext22                  text22       004404
__ptext23                  text23       004A3A
__ptext24                  text24       0047C2
__ptext25                  text25       004A20
__ptext26                  text26       004A48
__ptext27                  text27       004A50
__ptext3                   text3        003B60
__ptext4                   text4        003D78
__ptext5                   text5        00497E
__ptext6                   text6        002B28
__ptext7                   text7        004300
__ptext8                   text8        0037C6
__ptext9                   text9        003F2C
__ramtop                   ramtop       002600
__smallconst               smallconst   002600
_analogMap                 text3        003B60
_analogMap$1286            cstackBANK5  00056E
_analogMap$1287            cstackBANK5  000572
_analogRead                text2        004938
_defaultINT                text27       004A50
_keyScan                   text1        0040AC
_main                      text0        002622
_main$296                  cstackBANK5  0005C9
_nSetRTC                   dataBANK5    0005EE
_setINT                    text25       004A20
_tickINT                   text26       004A48
_tick_count                bssBANK5     0005F5
_timerInit                 text21       0049C4
_toString                  text11       0046DA
analogMap@analog_max       cstackBANK5  000562
analogMap@analog_min       cstackBANK5  000564
analogMap@analog_reading   cstackBANK5  000560
analogMap@sensor_max       cstackBANK5  000566
analogMap@sensor_min       cstackBANK5  00056A
analogRead@pin_ansel       cstackCOMRAM 000502
analogRead@pin_designation cstackCOMRAM 00050A
analogRead@pin_tris        cstackCOMRAM 000506
end_of_initialization      cinit        004932
intlevel0                  text         000000
intlevel1                  text         000000
intlevel2                  text         000000
intlevel3                  text         000000
isa$std                    (abs)        000001
isa$xinst                  (abs)        000000
ivt0x8_base                ivt0x8       000008
ivt0x8_undefint            ivt0x8       000100
keyScan@F16784             dataBANK5    0005D2
keyScan@cols               cstackCOMRAM 000516
keyScan@colshift           cstackCOMRAM 000515
keyScan@lookup             cstackCOMRAM 000505
keyScan@rowshift           cstackCOMRAM 000517
main@F16831                dataBANK5    0005E2
main@current_time          cstackBANK5  0005CE
main@indexer               cstackBANK5  0005B9
main@key                   cstackBANK5  0005CD
main@lux                   cstackBANK5  0005CB
main@position              cstackBANK5  0005CC
main@pot_voltage           cstackBANK5  0005C5
stackhi                    (abs)        000000
stacklo                    (abs)        000000
start                      init         000102
start_initialization       cinit        0048EC
toString@i                 cstackCOMRAM 000512
toString@length            cstackCOMRAM 00050B
toString@number            cstackCOMRAM 000509
toString@string            cstackCOMRAM 00050C


MODULE INFORMATION

Module		Function		Class		Link	Load	Size
C:\Program Files\Microchip\xc8\v2.40\pic\sources\c99\common\sprcmul.c
		___flmul       		CODE           	2FE8	0000	1066

C:\Program Files\Microchip\xc8\v2.40\pic\sources\c99\common\sprcmul.c estimated size: 1066

C:\Program Files\Microchip\xc8\v2.40\pic\sources\c99\common\sprcdiv.c
		___fldiv       		CODE           	37C6	0000	922

C:\Program Files\Microchip\xc8\v2.40\pic\sources\c99\common\sprcdiv.c estimated size: 922

C:/Users/a_hui/OneDrive - Camosun College/term2/ecet165_embedded_mc/labs/ecet165-labs/lab11/analogTest.c
		_main          		CODE           	2622	0000	1286

C:/Users/a_hui/OneDrive - Camosun College/term2/ecet165_embedded_mc/labs/ecet165-labs/lab11/analogTest.c estimated size: 1286

C:\Program Files\Microchip\xc8\v2.40\pic\sources\c99\common\lwdiv.c
		___lwdiv       		CODE           	474E	0000	116

C:\Program Files\Microchip\xc8\v2.40\pic\sources\c99\common\lwdiv.c estimated size: 116

C:\Program Files\Microchip\xc8\v2.40\pic\sources\c99\common\awdiv.c
		___awdiv       		CODE           	44EE	0000	196

C:\Program Files\Microchip\xc8\v2.40\pic\sources\c99\common\awdiv.c estimated size: 196

C:\Program Files\Microchip\xc8\v2.40\pic\sources\c99\common\fltol.c
		___fltol       		CODE           	41F8	0000	264

C:\Program Files\Microchip\xc8\v2.40\pic\sources\c99\common\fltol.c estimated size: 264

C:/Users/a_hui/OneDrive - Camosun College/term2/ecet165_embedded_mc/labs/ecet165-labs/lab8/timer0.c
		_defaultINT    		CODE           	4A50	0000	2
		_tickINT       		CODE           	4A48	0000	8
		_timerInit     		CODE           	49C4	0000	32

C:/Users/a_hui/OneDrive - Camosun College/term2/ecet165_embedded_mc/labs/ecet165-labs/lab8/timer0.c estimated size: 42

C:\Program Files\Microchip\xc8\v2.40\pic\sources\c99\common\sprcadd.c
		___flsub       		CODE           	497E	0000	70
		___fladd       		CODE           	2B28	0000	1216

C:\Program Files\Microchip\xc8\v2.40\pic\sources\c99\common\sprcadd.c estimated size: 1286

C:/Users/a_hui/OneDrive - Camosun College/term2/ecet165_embedded_mc/labs/ecet165-labs/lab6/lcd18f.c
		_LCDinit       		CODE           	4404	0000	234
		_LCDprintc     		CODE           	4662	0000	120
		_LCDprintf     		CODE           	3412	0000	948
		_LCDprints     		CODE           	489A	0000	82
		_LCDgoto       		CODE           	4A3A	0000	12
		_LCDinstruct   		CODE           	47C2	0000	116
		_toString      		CODE           	46DA	0000	116

C:/Users/a_hui/OneDrive - Camosun College/term2/ecet165_embedded_mc/labs/ecet165-labs/lab6/lcd18f.c estimated size: 1628

C:\Program Files\Microchip\xc8\v2.40\pic\sources\c99\common\xxtofl.c
		___xxtofl      		CODE           	3D78	0000	436

C:\Program Files\Microchip\xc8\v2.40\pic\sources\c99\common\xxtofl.c estimated size: 436

C:/Users/a_hui/OneDrive - Camosun College/term2/ecet165_embedded_mc/labs/ecet165-labs/lab9/RealTimeClock.c
		_setINT        		CODE           	4A20	0000	26
		_RTCupdate     		CODE           	3F2C	0000	384
		_RTCinit       		CODE           	49E4	0000	30

C:/Users/a_hui/OneDrive - Camosun College/term2/ecet165_embedded_mc/labs/ecet165-labs/lab9/RealTimeClock.c estimated size: 440

shared
		__initialization		CODE           	48EC	0000	70

shared estimated size: 70

C:/Users/a_hui/OneDrive - Camosun College/term2/ecet165_embedded_mc/labs/ecet165-labs/lab11/analog18f.c
		_analogMap     		CODE           	3B60	0000	536
		_analogRead    		CODE           	4938	0000	70

C:/Users/a_hui/OneDrive - Camosun College/term2/ecet165_embedded_mc/labs/ecet165-labs/lab11/analog18f.c estimated size: 606

C:/Users/a_hui/OneDrive - Camosun College/term2/ecet165_embedded_mc/labs/ecet165-labs/matrixkeypad/keypad18f.c
		_keyScan       		CODE           	40AC	0000	332

C:/Users/a_hui/OneDrive - Camosun College/term2/ecet165_embedded_mc/labs/ecet165-labs/matrixkeypad/keypad18f.c estimated size: 332

C:\Program Files\Microchip\xc8\v2.40\pic\sources\c99\common\flge.c
		___flge        		CODE           	4300	0000	260

C:\Program Files\Microchip\xc8\v2.40\pic\sources\c99\common\flge.c estimated size: 260

C:\Program Files\Microchip\xc8\v2.40\pic\sources\c99\common\lwmod.c
		___lwmod       		CODE           	4836	0000	100

C:\Program Files\Microchip\xc8\v2.40\pic\sources\c99\common\lwmod.c estimated size: 100

C:\Program Files\Microchip\xc8\v2.40\pic\sources\c99\common\awmod.c
		___awmod       		CODE           	45B2	0000	176

C:\Program Files\Microchip\xc8\v2.40\pic\sources\c99\common\awmod.c estimated size: 176

