Microchip MPLAB XC8 Compiler V2.40

Linker command line:

-W-3 \
  --edf=C:\Program Files\Microchip\xc8\v2.40\pic\dat\20220703182018_en.msgs \
  -pivt0x8=08h -cn -h+dist/default/production\lab10.production.sym \
  --cmf=dist/default/production\lab10.production.cmf -z -Q18F57Q43 \
  -oC:\Users\a_hui\AppData\Local\Temp\xcAs3js.4 --defsym=__MPLAB_BUILD=1 \
  --fixupoverflow=error -Mdist/default/production/lab10.production.map \
  --md=C:\Users\a_hui\AppData\Local\Temp\xcAs3js.dat -E1 -ver=XC8 Compiler \
  --acfsm=1493 -ACODE=00h-01FFFFh -ACONST=00h-01FFFFh \
  -ASMALLCONST=02600h-026FFhx474 \
  -AMEDIUMCONST=02600h-0FFFFh,012600h-01FFFFh -ACOMRAM=0501h-055Fh \
  -AABS1=0500h-024FFh -ABIGRAM=0501h-024FFh \
  -ARAM=0560h-05FFh,0600h-06FFhx31 -ABANK5=0560h-05FFh -ABANK6=0600h-06FFh \
  -ABANK7=0700h-07FFh -ABANK8=0800h-08FFh -ABANK9=0900h-09FFh \
  -ABANK10=0A00h-0AFFh -ABANK11=0B00h-0BFFh -ABANK12=0C00h-0CFFh \
  -ABANK13=0D00h-0DFFh -ABANK14=0E00h-0EFFh -ABANK15=0F00h-0FFFh \
  -ABANK16=01000h-010FFh -ABANK17=01100h-011FFh -ABANK18=01200h-012FFh \
  -ABANK19=01300h-013FFh -ABANK20=01400h-014FFh -ABANK21=01500h-015FFh \
  -ABANK22=01600h-016FFh -ABANK23=01700h-017FFh -ABANK24=01800h-018FFh \
  -ABANK25=01900h-019FFh -ABANK26=01A00h-01AFFh -ABANK27=01B00h-01BFFh \
  -ABANK28=01C00h-01CFFh -ABANK29=01D00h-01DFFh -ABANK30=01E00h-01EFFh \
  -ABANK31=01F00h-01FFFh -ABANK32=02000h-020FFh -ABANK33=02100h-021FFh \
  -ABANK34=02200h-022FFh -ABANK35=02300h-023FFh -ABANK36=02400h-024FFh \
  -ASFR=00h-0FFhx4,0400h-045Fh,0460h-04FFh,02500h-025FFh \
  -ABIGSFR=00h-04FFh,02500h-025FFh -ACONFIG=0300000h-0300011h \
  -AIDLOC=0200000h-020003Fh -AEEDATA=0380000h-03803FFh -peeprom_data=EEDATA \
  -preset_vec=00h -ppowerup=CODE,init -pramtop=02600h \
  -psmallconst=SMALLCONST -pmediumconst=MEDIUMCONST -pconst=CONST \
  -AFARRAM=00h-00h \
  -prdata=COMRAM,nvrram=COMRAM,nvbit=COMRAM,rbss=COMRAM,rbit=COMRAM \
  -pfarbss=FARRAM,fardata=FARRAM,nvFARRAM=FARRAM \
  -pintsave_regs=BIGRAM,bigbss=BIGRAM,bigdata=BIGRAM -pbss=RAM \
  -pidata=CODE,irdata=CODE,ibigdata=CODE,ifardata=CODE -prparam=COMRAM \
  C:\Users\a_hui\AppData\Local\Temp\xcAs3js.o \
  dist/default/production\lab10.production.o 

Object code version is 3.11

Machine type is 18F57Q43



                Name                               Link     Load   Length Selector   Space Scale
C:\Users\a_hui\AppData\Local\Temp\xcAs3js.o
                idloc                            200000   200000       40        0       5
                config                           300000   300000        A        0       4
                init                                102      102        4        4       0
                reset_vec                             0        0        4        0       0
dist/default/production\lab10.production.o
                idloc                            200000   200000       40        0       5
                config                           300000   300000        A        0       4
                smallconst                         2600     2600       12     1300       0
                ivt0x8                                8        8       FA        4       0
                text15                             32AC     32AC        2      CAB       0
                text14                             32A4     32A4        6      CA9       0
                text13                             3260     3260       18     1309       0
                text12                             311E     311E       74     1309       0
                text11                             3296     3296        C     194B       0
                text10                             2DD2     2DD2       EA     1309       0
                text9                              3030     3030       78     1309       0
                text8                              31F2     31F2       52     1309       0
                text7                              2EBC     2EBC       C4     1309       0
                text6                              2F80     2F80       B0     1309       0
                text5                              30A8     30A8       76     1309       0
                text4                              2926     2926      1CA     1309       0
                text3                              3244     3244       1C     1309       0
                text2                              2AF0     2AF0      196     1309       0
                text1                              2C86     2C86      14C     1309       0
                text0                              2612     2612      314     1309       0
                cstackCOMRAM                        501      501       3F      501       1
                dataBANK5                           560      560       10      560       1
                dataCOMRAM                          54D      54D        D      501       1
                bssCOMRAM                           540      540        D      501       1
                cinit                              3192     3192       60     1309       0
                idataBANK5                         3278     3278       10     1309       0
                idataCOMRAM                        3288     3288        D     1309       0

TOTAL           Name                               Link     Load   Length     Space
        CLASS   CODE           
                init                                102      102        4         0
                reset_vec                             0        0        4         0
                ivt0x8                                8        8       FA         0
                text15                             32AC     32AC        2         0
                text14                             32A4     32A4        6         0
                text13                             3260     3260       18         0
                text12                             311E     311E       74         0
                text11                             3296     3296        C         0
                text10                             2DD2     2DD2       EA         0
                text9                              3030     3030       78         0
                text8                              31F2     31F2       52         0
                text7                              2EBC     2EBC       C4         0
                text6                              2F80     2F80       B0         0
                text5                              30A8     30A8       76         0
                text4                              2926     2926      1CA         0
                text3                              3244     3244       1C         0
                text2                              2AF0     2AF0      196         0
                text1                              2C86     2C86      14C         0
                text0                              2612     2612      314         0
                cinit                              3192     3192       60         0
                idataBANK5                         3278     3278       10         0
                idataCOMRAM                        3288     3288        D         0

        CLASS   CONST          

        CLASS   SMALLCONST     
                smallconst                         2600     2600       12         0

        CLASS   MEDIUMCONST    

        CLASS   COMRAM         
                cstackCOMRAM                        501      501       3F         1
                dataCOMRAM                          54D      54D        D         1
                bssCOMRAM                           540      540        D         1

        CLASS   ABS1           

        CLASS   BIGRAM         

        CLASS   RAM            

        CLASS   BANK5          
                dataBANK5                           560      560       10         1

        CLASS   BANK6          

        CLASS   BANK7          

        CLASS   BANK8          

        CLASS   BANK9          

        CLASS   BANK10         

        CLASS   BANK11         

        CLASS   BANK12         

        CLASS   BANK13         

        CLASS   BANK14         

        CLASS   BANK15         

        CLASS   BANK16         

        CLASS   BANK17         

        CLASS   BANK18         

        CLASS   BANK19         

        CLASS   BANK20         

        CLASS   BANK21         

        CLASS   BANK22         

        CLASS   BANK23         

        CLASS   BANK24         

        CLASS   BANK25         

        CLASS   BANK26         

        CLASS   BANK27         

        CLASS   BANK28         

        CLASS   BANK29         

        CLASS   BANK30         

        CLASS   BANK31         

        CLASS   BANK32         

        CLASS   BANK33         

        CLASS   BANK34         

        CLASS   BANK35         

        CLASS   BANK36         

        CLASS   SFR            

        CLASS   BIGSFR         

        CLASS   CONFIG         
                config                           300000   300000        A         4

        CLASS   IDLOC          
                idloc                            200000   200000       40         5

        CLASS   EEDATA         

        CLASS   FARRAM         

        CLASS   HEAP           

        CLASS   STACK          



SEGMENTS        Name                           Load    Length   Top    Selector   Space  Class

                reset_vec                      000000  000004  000004         0       0  CODE    
                ivt0x8                         000008  0000FE  000106         4       0  CODE    
                cstackCOMRAM                   000501  000059  00055A       501       1  COMRAM  
                dataBANK5                      000560  000010  000570       560       1  BANK5   
                smallconst                     002600  000012  002612      1300       0  SMALLCON
                text0                          002612  000C83  003295      1309       0  CODE    
                text11                         003296  00000C  0032A2      194B       0  CODE    
                text14                         0032A4  000006  0032AA       CA9       0  CODE    
                text15                         0032AC  000002  0032AE       CAB       0  CODE    


UNUSED ADDRESS RANGES

        Name                Unused          Largest block    Delta
        BANK10           000A00-000AFF              100
        BANK11           000B00-000BFF              100
        BANK12           000C00-000CFF              100
        BANK13           000D00-000DFF              100
        BANK14           000E00-000EFF              100
        BANK15           000F00-000FFF              100
        BANK16           001000-0010FF              100
        BANK17           001100-0011FF              100
        BANK18           001200-0012FF              100
        BANK19           001300-0013FF              100
        BANK20           001400-0014FF              100
        BANK21           001500-0015FF              100
        BANK22           001600-0016FF              100
        BANK23           001700-0017FF              100
        BANK24           001800-0018FF              100
        BANK25           001900-0019FF              100
        BANK26           001A00-001AFF              100
        BANK27           001B00-001BFF              100
        BANK28           001C00-001CFF              100
        BANK29           001D00-001DFF              100
        BANK30           001E00-001EFF              100
        BANK31           001F00-001FFF              100
        BANK32           002000-0020FF              100
        BANK33           002100-0021FF              100
        BANK34           002200-0022FF              100
        BANK35           002300-0023FF              100
        BANK36           002400-0024FF              100
        BANK5            000570-0005FF               90
        BANK6            000600-0006FF              100
        BANK7            000700-0007FF              100
        BANK8            000800-0008FF              100
        BANK9            000900-0009FF              100
        BIGRAM           00055A-00055F                6
                         000570-0024FF             1F90
        BIGSFR           000000-0004FF              500
                         002500-0025FF              100
        CODE             000004-000007                4
                         000106-0025FF             24FA
                         003295-003295                1
                         0032A2-0032A3                2
                         0032AA-0032AB                2
                         0032AE-01FFFF            1CD52
        COMRAM           00055A-00055F                6
        CONFIG           30000A-300011                8
        CONST            000004-000007                4
                         000106-0025FF             24FA
                         003295-003295                1
                         0032A2-0032A3                2
                         0032AA-0032AB                2
                         0032AE-01FFFF            1CD52
        EEDATA           380000-3803FF              400
        MEDIUMCONST      003295-003295                1
                         0032A2-0032A3                2
                         0032AA-0032AB                2
                         0032AE-00FFFF             CD52
                         012600-01FFFF             DA00
        RAM              000570-0024FF              100
        SFR              000000-0004FF              100
                         002500-0025FF              100
        SMALLCONST       003295-003295                1
                         0032A2-0032A3                2
                         0032AA-0032AB                2
                         0032AE-01FFFF              100

                                  Symbol Table

?___awdiv                cstackCOMRAM 000502
?___awmod                cstackCOMRAM 000502
?_toString               cstackCOMRAM 00050A
IVTBASEH                 (abs)        00045E
IVTBASEL                 (abs)        00045D
IVTBASEU                 (abs)        00045F
LCDgoto@pos              cstackCOMRAM 000504
LCDinstruct@instr        cstackCOMRAM 000503
LCDprintc@c              cstackCOMRAM 000503
LCDprintf@inputs         cstackCOMRAM 000517
LCDprintf@shell          cstackCOMRAM 000515
LCDprints@c              cstackCOMRAM 000513
RTCrun@current_time      cstackCOMRAM 000520
RTCrun@start_time        cstackCOMRAM 00051D
_ANSELBbits              (abs)        000408
_ANSELD                  (abs)        000418
_ANSELF                  (abs)        000428
_INTCON0bits             (abs)        0004D6
_IOCBF                   (abs)        00040F
_IOCBF4                  (abs)        00207C
_IOCBN4                  (abs)        002074
_IPR3bits                (abs)        000365
_LATD                    (abs)        0004C1
_LATDbits                (abs)        0004C1
_LATF                    (abs)        0004C3
_LCDgoto                 text11       003296
_LCDinit                 text10       002DD2
_LCDinstruct             text12       00311E
_LCDprintc               text9        003030
_LCDprintf               text4        002926
_LCDprints               text8        0031F2
_PIE0bits                (abs)        00049E
_PIE3bits                (abs)        0004A1
_PIR3bits                (abs)        0004B1
_PORTF                   (abs)        0004D3
_RTCrun                  text2        002AF0
_RTCrun$294              cstackCOMRAM 000528
_T0CON0                  (abs)        00031A
_T0CON0bits              (abs)        00031A
_T0CON1                  (abs)        00031B
_TMR0H                   (abs)        000319
_TRISBbits               (abs)        0004C7
_TRISD                   (abs)        0004C9
_TRISF                   (abs)        0004CB
_WPUBbits                (abs)        000409
_WPUD                    (abs)        000419
_WPUF                    (abs)        000429
__HRAM                   (abs)        000000
__Habs1                  abs1         000000
__Hbank10                bank10       000000
__Hbank11                bank11       000000
__Hbank12                bank12       000000
__Hbank13                bank13       000000
__Hbank14                bank14       000000
__Hbank15                bank15       000000
__Hbank16                bank16       000000
__Hbank17                bank17       000000
__Hbank18                bank18       000000
__Hbank19                bank19       000000
__Hbank20                bank20       000000
__Hbank21                bank21       000000
__Hbank22                bank22       000000
__Hbank23                bank23       000000
__Hbank24                bank24       000000
__Hbank25                bank25       000000
__Hbank26                bank26       000000
__Hbank27                bank27       000000
__Hbank28                bank28       000000
__Hbank29                bank29       000000
__Hbank30                bank30       000000
__Hbank31                bank31       000000
__Hbank32                bank32       000000
__Hbank33                bank33       000000
__Hbank34                bank34       000000
__Hbank35                bank35       000000
__Hbank36                bank36       000000
__Hbank5                 bank5        000000
__Hbank6                 bank6        000000
__Hbank7                 bank7        000000
__Hbank8                 bank8        000000
__Hbank9                 bank9        000000
__Hbigbss                bigbss       000000
__Hbigdata               bigdata      000000
__Hbigram                bigram       000000
__Hbigsfr                bigsfr       000000
__Hbss                   bss          000000
__HbssCOMRAM             bssCOMRAM    000000
__Hcinit                 cinit        000000
__Hclrtext               clrtext      000000
__Hcomram                comram       000000
__Hconfig                config       30000A
__Hconst                 const        000000
__HcstackCOMRAM          cstackCOMRAM 000000
__Hdata                  data         000000
__HdataBANK5             dataBANK5    000000
__HdataCOMRAM            dataCOMRAM   000000
__Heeprom_data           eeprom_data  000000
__Hfarbss                farbss       000000
__Hfardata               fardata      000000
__Hheap                  heap         000000
__Hibigdata              ibigdata     000000
__Hidata                 idata        000000
__HidataBANK5            idataBANK5   000000
__HidataCOMRAM           idataCOMRAM  000000
__Hidloc                 idloc        200040
__Hifardata              ifardata     000000
__Hinit                  init         000106
__Hintsave_regs          intsave_regs 000000
__Hirdata                irdata       000000
__Hivt0x8                ivt0x8       000102
__Hmediumconst           mediumconst  000000
__HnvFARRAM              nvFARRAM     000000
__Hnvbit                 nvbit        000000
__Hnvrram                nvrram       000000
__Hparam                 rparam       000000
__Hpowerup               powerup      000000
__Hram                   ram          000000
__Hramtop                ramtop       002600
__Hrbit                  rbit         000000
__Hrbss                  rbss         000000
__Hrdata                 rdata        000000
__Hreset_vec             reset_vec    000004
__Hrparam                rparam       000000
__Hsfr                   sfr          000000
__Hsmallconst            smallconst   002612
__Hspace_0               (abs)        0032AE
__Hspace_1               (abs)        000570
__Hspace_2               (abs)        000000
__Hspace_4               (abs)        60000A
__Hstack                 stack        000000
__Hstruct                struct       000000
__Htemp                  temp         000000
__Htext                  text         000000
__Htext0                 text0        000000
__Htext1                 text1        000000
__Htext10                text10       000000
__Htext11                text11       000000
__Htext12                text12       000000
__Htext13                text13       000000
__Htext14                text14       000000
__Htext15                text15       000000
__Htext2                 text2        000000
__Htext3                 text3        000000
__Htext4                 text4        000000
__Htext5                 text5        000000
__Htext6                 text6        000000
__Htext7                 text7        000000
__Htext8                 text8        000000
__Htext9                 text9        000000
__LRAM                   (abs)        000001
__Labs1                  abs1         000000
__Lbank10                bank10       000000
__Lbank11                bank11       000000
__Lbank12                bank12       000000
__Lbank13                bank13       000000
__Lbank14                bank14       000000
__Lbank15                bank15       000000
__Lbank16                bank16       000000
__Lbank17                bank17       000000
__Lbank18                bank18       000000
__Lbank19                bank19       000000
__Lbank20                bank20       000000
__Lbank21                bank21       000000
__Lbank22                bank22       000000
__Lbank23                bank23       000000
__Lbank24                bank24       000000
__Lbank25                bank25       000000
__Lbank26                bank26       000000
__Lbank27                bank27       000000
__Lbank28                bank28       000000
__Lbank29                bank29       000000
__Lbank30                bank30       000000
__Lbank31                bank31       000000
__Lbank32                bank32       000000
__Lbank33                bank33       000000
__Lbank34                bank34       000000
__Lbank35                bank35       000000
__Lbank36                bank36       000000
__Lbank5                 bank5        000000
__Lbank6                 bank6        000000
__Lbank7                 bank7        000000
__Lbank8                 bank8        000000
__Lbank9                 bank9        000000
__Lbigbss                bigbss       000000
__Lbigdata               bigdata      000000
__Lbigram                bigram       000000
__Lbigsfr                bigsfr       000000
__Lbss                   bss          000000
__LbssCOMRAM             bssCOMRAM    000000
__Lcinit                 cinit        000000
__Lclrtext               clrtext      000000
__Lcomram                comram       000000
__Lconfig                config       000000
__Lconst                 const        000000
__LcstackCOMRAM          cstackCOMRAM 000000
__Ldata                  data         000000
__LdataBANK5             dataBANK5    000000
__LdataCOMRAM            dataCOMRAM   000000
__Leeprom_data           eeprom_data  000000
__Lfarbss                farbss       000000
__Lfardata               fardata      000000
__Lheap                  heap         000000
__Libigdata              ibigdata     000000
__Lidata                 idata        000000
__LidataBANK5            idataBANK5   000000
__LidataCOMRAM           idataCOMRAM  000000
__Lidloc                 idloc        000000
__Lifardata              ifardata     000000
__Linit                  init         000102
__Lintsave_regs          intsave_regs 000000
__Lirdata                irdata       000000
__Livt0x8                ivt0x8       000008
__Lmediumconst           mediumconst  000000
__LnvFARRAM              nvFARRAM     000000
__Lnvbit                 nvbit        000000
__Lnvrram                nvrram       000000
__Lparam                 rparam       000000
__Lpowerup               powerup      000000
__Lram                   ram          000000
__Lramtop                ramtop       002600
__Lrbit                  rbit         000000
__Lrbss                  rbss         000000
__Lrdata                 rdata        000000
__Lreset_vec             reset_vec    000000
__Lrparam                rparam       000000
__Lsfr                   sfr          000000
__Lsmallconst            smallconst   002600
__Lspace_0               (abs)        000000
__Lspace_1               (abs)        000000
__Lspace_2               (abs)        000000
__Lspace_4               (abs)        000000
__Lstack                 stack        000000
__Lstruct                struct       000000
__Ltemp                  temp         000000
__Ltext                  text         000000
__Ltext0                 text0        000000
__Ltext1                 text1        000000
__Ltext10                text10       000000
__Ltext11                text11       000000
__Ltext12                text12       000000
__Ltext13                text13       000000
__Ltext14                text14       000000
__Ltext15                text15       000000
__Ltext2                 text2        000000
__Ltext3                 text3        000000
__Ltext4                 text4        000000
__Ltext5                 text5        000000
__Ltext6                 text6        000000
__Ltext7                 text7        000000
__Ltext8                 text8        000000
__Ltext9                 text9        000000
__S0                     (abs)        0032AE
__S1                     (abs)        000570
__S4                     (abs)        000000
__S5                     (abs)        000000
___awdiv                 text7        002EBC
___awdiv@counter         cstackCOMRAM 000506
___awdiv@dividend        cstackCOMRAM 000502
___awdiv@divisor         cstackCOMRAM 000504
___awdiv@quotient        cstackCOMRAM 000508
___awdiv@sign            cstackCOMRAM 000507
___awmod                 text6        002F80
___awmod@counter         cstackCOMRAM 000506
___awmod@dividend        cstackCOMRAM 000502
___awmod@divisor         cstackCOMRAM 000504
___awmod@sign            cstackCOMRAM 000507
___heap_hi               (abs)        000000
___heap_lo               (abs)        000000
___inthi_sp              stack        000000
___intlo_sp              stack        000000
___param_bank            (abs)        000000
___rparam_used           (abs)        000001
___sp                    stack        000000
__accesstop              (abs)        000560
__activetblptr           (abs)        000003
__end_of_LCDgoto         text11       0032A2
__end_of_LCDinit         text10       002EBC
__end_of_LCDinstruct     text12       003192
__end_of_LCDprintc       text9        0030A8
__end_of_LCDprintf       text4        002AF0
__end_of_LCDprints       text8        003244
__end_of_RTCrun          text2        002C86
__end_of___awdiv         text7        002F80
__end_of___awmod         text6        003030
__end_of__initialization cinit        0031EC
__end_of_defaultINT      text15       0032AE
__end_of_keyScan         text1        002DD2
__end_of_main            text0        002926
__end_of_setINT          text13       003278
__end_of_tickINT         text14       0032AA
__end_of_timerInit       text3        003260
__end_of_toString        text5        00311E
__initialization         cinit        003192
__mediumconst            mediumconst  000000
__pbssCOMRAM             bssCOMRAM    000540
__pcinit                 cinit        003192
__pcstackCOMRAM          cstackCOMRAM 000501
__pdataBANK5             dataBANK5    000560
__pdataCOMRAM            dataCOMRAM   00054D
__pidataBANK5            idataBANK5   003278
__pidataCOMRAM           idataCOMRAM  003288
__pivt0x8                ivt0x8       000008
__psmallconst            smallconst   002600
__ptext0                 text0        002612
__ptext1                 text1        002C86
__ptext10                text10       002DD2
__ptext11                text11       003296
__ptext12                text12       00311E
__ptext13                text13       003260
__ptext14                text14       0032A4
__ptext15                text15       0032AC
__ptext2                 text2        002AF0
__ptext3                 text3        003244
__ptext4                 text4        002926
__ptext5                 text5        0030A8
__ptext6                 text6        002F80
__ptext7                 text7        002EBC
__ptext8                 text8        0031F2
__ptext9                 text9        003030
__ramtop                 ramtop       002600
__smallconst             smallconst   002600
_defaultINT              text15       0032AC
_keyScan                 text1        002C86
_main                    text0        002612
_main$73                 cstackCOMRAM 000538
_nSetRTC                 dataCOMRAM   000559
_setINT                  text13       003260
_tickINT                 text14       0032A4
_tick_count              bssCOMRAM    00054C
_timerInit               text3        003244
_toString                text5        0030A8
end_of_initialization    cinit        0031EC
intlevel0                text         000000
intlevel1                text         000000
intlevel2                text         000000
intlevel3                text         000000
isa$std                  (abs)        000001
isa$xinst                (abs)        000000
ivt0x8_base              ivt0x8       000008
ivt0x8_undefint          ivt0x8       000100
keyScan@F16694           dataBANK5    000560
keyScan@cols             cstackCOMRAM 000516
keyScan@colshift         cstackCOMRAM 000515
keyScan@lookup           cstackCOMRAM 000505
keyScan@rowshift         cstackCOMRAM 000517
main@F16727              dataCOMRAM   00054D
main@current_time        cstackCOMRAM 00053C
main@indexer             cstackCOMRAM 00052C
main@key                 cstackCOMRAM 00053B
main@position            cstackCOMRAM 00053A
stackhi                  (abs)        000000
stacklo                  (abs)        000000
start                    init         000102
start_initialization     cinit        003192
toString@copy_num        cstackCOMRAM 000511
toString@i               cstackCOMRAM 000512
toString@length          cstackCOMRAM 00050A
toString@number          cstackCOMRAM 000510
toString@string          cstackCOMRAM 00050C


MODULE INFORMATION

Module		Function		Class		Link	Load	Size
C:\Program Files\Microchip\xc8\v2.40\pic\sources\c99\common\awdiv.c
		___awdiv       		CODE           	2EBC	0000	196

C:\Program Files\Microchip\xc8\v2.40\pic\sources\c99\common\awdiv.c estimated size: 196

C:/Users/a_hui/OneDrive - Camosun College/term2/ecet165_embedded_mc/labs/lab10/setRTC_test.c
		_main          		CODE           	2612	0000	788

C:/Users/a_hui/OneDrive - Camosun College/term2/ecet165_embedded_mc/labs/lab10/setRTC_test.c estimated size: 788

C:/Users/a_hui/OneDrive - Camosun College/term2/ecet165_embedded_mc/labs/matrixkeypad/keypad18f.c
		_keyScan       		CODE           	2C86	0000	332

C:/Users/a_hui/OneDrive - Camosun College/term2/ecet165_embedded_mc/labs/matrixkeypad/keypad18f.c estimated size: 332

C:/Users/a_hui/OneDrive - Camosun College/term2/ecet165_embedded_mc/labs/lab6/lcd18f.c
		_LCDinit       		CODE           	2DD2	0000	234
		_LCDprintc     		CODE           	3030	0000	120
		_LCDprintf     		CODE           	2926	0000	458
		_LCDprints     		CODE           	31F2	0000	82
		_LCDgoto       		CODE           	3296	0000	12
		_LCDinstruct   		CODE           	311E	0000	116
		_toString      		CODE           	30A8	0000	118

C:/Users/a_hui/OneDrive - Camosun College/term2/ecet165_embedded_mc/labs/lab6/lcd18f.c estimated size: 1140

C:/Users/a_hui/OneDrive - Camosun College/term2/ecet165_embedded_mc/labs/lab9/RealTimeClock.c
		_setINT        		CODE           	3260	0000	24
		_RTCrun        		CODE           	2AF0	0000	406

C:/Users/a_hui/OneDrive - Camosun College/term2/ecet165_embedded_mc/labs/lab9/RealTimeClock.c estimated size: 430

C:/Users/a_hui/OneDrive - Camosun College/term2/ecet165_embedded_mc/labs/lab8/timer0.c
		_defaultINT    		CODE           	32AC	0000	2
		_tickINT       		CODE           	32A4	0000	6
		_timerInit     		CODE           	3244	0000	28

C:/Users/a_hui/OneDrive - Camosun College/term2/ecet165_embedded_mc/labs/lab8/timer0.c estimated size: 36

shared
		__initialization		CODE           	3192	0000	90

shared estimated size: 90

C:\Program Files\Microchip\xc8\v2.40\pic\sources\c99\common\awmod.c
		___awmod       		CODE           	2F80	0000	176

C:\Program Files\Microchip\xc8\v2.40\pic\sources\c99\common\awmod.c estimated size: 176

