Microchip MPLAB XC8 Compiler V2.40

Linker command line:

-W-3 \
  --edf=C:\Program Files\Microchip\xc8\v2.40\pic\dat\20220703182018_en.msgs \
  -cn -h+dist/default/production\matrixkeypad.production.sym \
  --cmf=dist/default/production\matrixkeypad.production.cmf -z -Q18F57Q43 \
  -oC:\Users\a_hui\AppData\Local\Temp\xcAs3io.4 --defsym=__MPLAB_BUILD=1 \
  --fixupoverflow=error \
  -Mdist/default/production/matrixkeypad.production.map \
  --md=C:\Users\a_hui\AppData\Local\Temp\xcAs3io.dat -E1 -ver=XC8 Compiler \
  --acfsm=1493 -ACODE=00h-01FFFFh -ACONST=00h-01FFFFh \
  -ASMALLCONST=02600h-026FFhx474 \
  -AMEDIUMCONST=02600h-0FFFFh,012600h-01FFFFh -ACOMRAM=0501h-055Fh \
  -AABS1=0500h-024FFh -ABIGRAM=0501h-024FFh \
  -ARAM=0560h-05FFh,0600h-06FFhx31 -ABANK5=0560h-05FFh -ABANK6=0600h-06FFh \
  -ABANK7=0700h-07FFh -ABANK8=0800h-08FFh -ABANK9=0900h-09FFh \
  -ABANK10=0A00h-0AFFh -ABANK11=0B00h-0BFFh -ABANK12=0C00h-0CFFh \
  -ABANK13=0D00h-0DFFh -ABANK14=0E00h-0EFFh -ABANK15=0F00h-0FFFh \
  -ABANK16=01000h-010FFh -ABANK17=01100h-011FFh -ABANK18=01200h-012FFh \
  -ABANK19=01300h-013FFh -ABANK20=01400h-014FFh -ABANK21=01500h-015FFh \
  -ABANK22=01600h-016FFh -ABANK23=01700h-017FFh -ABANK24=01800h-018FFh \
  -ABANK25=01900h-019FFh -ABANK26=01A00h-01AFFh -ABANK27=01B00h-01BFFh \
  -ABANK28=01C00h-01CFFh -ABANK29=01D00h-01DFFh -ABANK30=01E00h-01EFFh \
  -ABANK31=01F00h-01FFFh -ABANK32=02000h-020FFh -ABANK33=02100h-021FFh \
  -ABANK34=02200h-022FFh -ABANK35=02300h-023FFh -ABANK36=02400h-024FFh \
  -ASFR=00h-0FFhx4,0400h-045Fh,0460h-04FFh,02500h-025FFh \
  -ABIGSFR=00h-04FFh,02500h-025FFh -ACONFIG=0300000h-0300011h \
  -AIDLOC=0200000h-020003Fh -AEEDATA=0380000h-03803FFh -peeprom_data=EEDATA \
  -preset_vec=00h -ppowerup=CODE,init -pramtop=02600h \
  -psmallconst=SMALLCONST -pmediumconst=MEDIUMCONST -pconst=CONST \
  -AFARRAM=00h-00h \
  -prdata=COMRAM,nvrram=COMRAM,nvbit=COMRAM,rbss=COMRAM,rbit=COMRAM \
  -pfarbss=FARRAM,fardata=FARRAM,nvFARRAM=FARRAM \
  -pintsave_regs=BIGRAM,bigbss=BIGRAM,bigdata=BIGRAM -pbss=RAM \
  -pidata=CODE,irdata=CODE,ibigdata=CODE,ifardata=CODE -prparam=COMRAM \
  C:\Users\a_hui\AppData\Local\Temp\xcAs3io.o \
  dist/default/production\matrixkeypad.production.o 

Object code version is 3.11

Machine type is 18F57Q43



                Name                               Link     Load   Length Selector   Space Scale
C:\Users\a_hui\AppData\Local\Temp\xcAs3io.o
                idloc                            200000   200000       40        0       5
                config                           300000   300000        A        0       4
                init                              1FFFC    1FFFC        4     FFFE       0
                reset_vec                             0        0        4        0       0
dist/default/production\matrixkeypad.production.o
                idloc                            200000   200000       40        0       5
                config                           300000   300000        A        0       4
                text6                             1FC18    1FC18       74     FE0C       0
                text5                             1FDC6    1FDC6       EA     FEE3       0
                text4                             1FB72    1FB72        C     FDB9       0
                text3                             1FC8C    1FC8C       78     FE46       0
                text2                             1FBBC    1FBBC       5C     FDDE       0
                text1                             1FEB0    1FEB0      14C     FF58       0
                text0                             1FD04    1FD04       C2     FE82       0
                cstackCOMRAM                        501      501       1A      501       1
                dataCOMRAM                          51B      51B       10      501       1
                bssCOMRAM                           52B      52B        4      501       1
                cinit                             1FB8E    1FB8E       2E     FDC7       0
                idataCOMRAM                       1FB7E    1FB7E       10    1FB7E       0

TOTAL           Name                               Link     Load   Length     Space
        CLASS   CODE           
                init                              1FFFC    1FFFC        4         0
                reset_vec                             0        0        4         0
                text6                             1FC18    1FC18       74         0
                text5                             1FDC6    1FDC6       EA         0
                text4                             1FB72    1FB72        C         0
                text3                             1FC8C    1FC8C       78         0
                text2                             1FBBC    1FBBC       5C         0
                text1                             1FEB0    1FEB0      14C         0
                text0                             1FD04    1FD04       C2         0
                cinit                             1FB8E    1FB8E       2E         0
                idataCOMRAM                       1FB7E    1FB7E       10         0

        CLASS   CONST          

        CLASS   SMALLCONST     

        CLASS   MEDIUMCONST    

        CLASS   COMRAM         
                cstackCOMRAM                        501      501       1A         1
                dataCOMRAM                          51B      51B       10         1
                bssCOMRAM                           52B      52B        4         1

        CLASS   ABS1           

        CLASS   BIGRAM         

        CLASS   RAM            

        CLASS   BANK5          

        CLASS   BANK6          

        CLASS   BANK7          

        CLASS   BANK8          

        CLASS   BANK9          

        CLASS   BANK10         

        CLASS   BANK11         

        CLASS   BANK12         

        CLASS   BANK13         

        CLASS   BANK14         

        CLASS   BANK15         

        CLASS   BANK16         

        CLASS   BANK17         

        CLASS   BANK18         

        CLASS   BANK19         

        CLASS   BANK20         

        CLASS   BANK21         

        CLASS   BANK22         

        CLASS   BANK23         

        CLASS   BANK24         

        CLASS   BANK25         

        CLASS   BANK26         

        CLASS   BANK27         

        CLASS   BANK28         

        CLASS   BANK29         

        CLASS   BANK30         

        CLASS   BANK31         

        CLASS   BANK32         

        CLASS   BANK33         

        CLASS   BANK34         

        CLASS   BANK35         

        CLASS   BANK36         

        CLASS   SFR            

        CLASS   BIGSFR         

        CLASS   CONFIG         
                config                           300000   300000        A         4

        CLASS   IDLOC          
                idloc                            200000   200000       40         5

        CLASS   EEDATA         

        CLASS   FARRAM         

        CLASS   HEAP           

        CLASS   STACK          



SEGMENTS        Name                           Load    Length   Top    Selector   Space  Class

                reset_vec                      000000  000004  000004         0       0  CODE    
                cstackCOMRAM                   000501  00002E  00052F       501       1  COMRAM  
                text4                          01FB72  00000C  01FB7E      FDB9       0  CODE    
                idataCOMRAM                    01FB7E  000010  01FB8E     1FB7E       0  CODE    
                cinit                          01FB8E  00002E  01FBBC      FDC7       0  CODE    
                text2                          01FBBC  00005C  01FC18      FDDE       0  CODE    
                text6                          01FC18  000074  01FC8C      FE0C       0  CODE    
                text3                          01FC8C  000078  01FD04      FE46       0  CODE    
                text0                          01FD04  0000C2  01FDC6      FE82       0  CODE    
                text5                          01FDC6  0000EA  01FEB0      FEE3       0  CODE    
                text1                          01FEB0  00014C  01FFFC      FF58       0  CODE    
                init                           01FFFC  000004  020000      FFFE       0  CODE    


UNUSED ADDRESS RANGES

        Name                Unused          Largest block    Delta
        BANK10           000A00-000AFF              100
        BANK11           000B00-000BFF              100
        BANK12           000C00-000CFF              100
        BANK13           000D00-000DFF              100
        BANK14           000E00-000EFF              100
        BANK15           000F00-000FFF              100
        BANK16           001000-0010FF              100
        BANK17           001100-0011FF              100
        BANK18           001200-0012FF              100
        BANK19           001300-0013FF              100
        BANK20           001400-0014FF              100
        BANK21           001500-0015FF              100
        BANK22           001600-0016FF              100
        BANK23           001700-0017FF              100
        BANK24           001800-0018FF              100
        BANK25           001900-0019FF              100
        BANK26           001A00-001AFF              100
        BANK27           001B00-001BFF              100
        BANK28           001C00-001CFF              100
        BANK29           001D00-001DFF              100
        BANK30           001E00-001EFF              100
        BANK31           001F00-001FFF              100
        BANK32           002000-0020FF              100
        BANK33           002100-0021FF              100
        BANK34           002200-0022FF              100
        BANK35           002300-0023FF              100
        BANK36           002400-0024FF              100
        BANK5            000560-0005FF               A0
        BANK6            000600-0006FF              100
        BANK7            000700-0007FF              100
        BANK8            000800-0008FF              100
        BANK9            000900-0009FF              100
        BIGRAM           00052F-0024FF             1FD1
        BIGSFR           000000-0004FF              500
                         002500-0025FF              100
        CODE             000004-01FB71            1FB6E
        COMRAM           00052F-00055F               31
        CONFIG           30000A-300011                8
        CONST            000004-01FB71            1FB6E
        EEDATA           380000-3803FF              400
        MEDIUMCONST      002600-00FFFF             DA00
                         012600-01FB71             D572
        RAM              000560-0024FF              100
        SFR              000000-0004FF              100
                         002500-0025FF              100
        SMALLCONST       002600-01FB71              100

                                  Symbol Table

LCDgoto@pos              cstackCOMRAM 000503
LCDinstruct@instr        cstackCOMRAM 000502
LCDprintc@c              cstackCOMRAM 000502
LCDreturn@i              cstackCOMRAM 000505
LCDreturn@next_line      cstackCOMRAM 000506
LCDreturn@pos            cstackCOMRAM 000504
_ANSELC                  (abs)        000410
_ANSELD                  (abs)        000418
_ANSELF                  (abs)        000428
_LATC                    (abs)        0004C0
_LATD                    (abs)        0004C1
_LATDbits                (abs)        0004C1
_LATF                    (abs)        0004C3
_LCDgoto                 text4        01FB72
_LCDinit                 text5        01FDC6
_LCDinstruct             text6        01FC18
_LCDprintc               text3        01FC8C
_LCDreturn               text2        01FBBC
_PORTF                   (abs)        0004D3
_TRISC                   (abs)        0004C8
_TRISD                   (abs)        0004C9
_TRISF                   (abs)        0004CB
_WPUC                    (abs)        000411
_WPUD                    (abs)        000419
_WPUF                    (abs)        000429
__HRAM                   (abs)        000000
__Habs1                  abs1         000000
__Hbank10                bank10       000000
__Hbank11                bank11       000000
__Hbank12                bank12       000000
__Hbank13                bank13       000000
__Hbank14                bank14       000000
__Hbank15                bank15       000000
__Hbank16                bank16       000000
__Hbank17                bank17       000000
__Hbank18                bank18       000000
__Hbank19                bank19       000000
__Hbank20                bank20       000000
__Hbank21                bank21       000000
__Hbank22                bank22       000000
__Hbank23                bank23       000000
__Hbank24                bank24       000000
__Hbank25                bank25       000000
__Hbank26                bank26       000000
__Hbank27                bank27       000000
__Hbank28                bank28       000000
__Hbank29                bank29       000000
__Hbank30                bank30       000000
__Hbank31                bank31       000000
__Hbank32                bank32       000000
__Hbank33                bank33       000000
__Hbank34                bank34       000000
__Hbank35                bank35       000000
__Hbank36                bank36       000000
__Hbank5                 bank5        000000
__Hbank6                 bank6        000000
__Hbank7                 bank7        000000
__Hbank8                 bank8        000000
__Hbank9                 bank9        000000
__Hbigbss                bigbss       000000
__Hbigdata               bigdata      000000
__Hbigram                bigram       000000
__Hbigsfr                bigsfr       000000
__Hbss                   bss          000000
__HbssCOMRAM             bssCOMRAM    000000
__Hcinit                 cinit        000000
__Hclrtext               clrtext      000000
__Hcomram                comram       000000
__Hconfig                config       30000A
__Hconst                 const        000000
__HcstackCOMRAM          cstackCOMRAM 000000
__Hdata                  data         000000
__HdataCOMRAM            dataCOMRAM   000000
__Heeprom_data           eeprom_data  000000
__Hfarbss                farbss       000000
__Hfardata               fardata      000000
__Hheap                  heap         000000
__Hibigdata              ibigdata     000000
__Hidata                 idata        000000
__HidataCOMRAM           idataCOMRAM  000000
__Hidloc                 idloc        200040
__Hifardata              ifardata     000000
__Hinit                  init         020000
__Hintsave_regs          intsave_regs 000000
__Hirdata                irdata       000000
__Hmediumconst           mediumconst  000000
__HnvFARRAM              nvFARRAM     000000
__Hnvbit                 nvbit        000000
__Hnvrram                nvrram       000000
__Hparam                 rparam       000000
__Hpowerup               powerup      000000
__Hram                   ram          000000
__Hramtop                ramtop       002600
__Hrbit                  rbit         000000
__Hrbss                  rbss         000000
__Hrdata                 rdata        000000
__Hreset_vec             reset_vec    000004
__Hrparam                rparam       000000
__Hsfr                   sfr          000000
__Hsmallconst            smallconst   000000
__Hspace_0               (abs)        020000
__Hspace_1               (abs)        00052F
__Hspace_2               (abs)        000000
__Hspace_4               (abs)        60000A
__Hstack                 stack        000000
__Hstruct                struct       000000
__Htemp                  temp         000000
__Htext                  text         000000
__Htext0                 text0        000000
__Htext1                 text1        000000
__Htext2                 text2        000000
__Htext3                 text3        000000
__Htext4                 text4        000000
__Htext5                 text5        000000
__Htext6                 text6        000000
__LRAM                   (abs)        000001
__Labs1                  abs1         000000
__Lbank10                bank10       000000
__Lbank11                bank11       000000
__Lbank12                bank12       000000
__Lbank13                bank13       000000
__Lbank14                bank14       000000
__Lbank15                bank15       000000
__Lbank16                bank16       000000
__Lbank17                bank17       000000
__Lbank18                bank18       000000
__Lbank19                bank19       000000
__Lbank20                bank20       000000
__Lbank21                bank21       000000
__Lbank22                bank22       000000
__Lbank23                bank23       000000
__Lbank24                bank24       000000
__Lbank25                bank25       000000
__Lbank26                bank26       000000
__Lbank27                bank27       000000
__Lbank28                bank28       000000
__Lbank29                bank29       000000
__Lbank30                bank30       000000
__Lbank31                bank31       000000
__Lbank32                bank32       000000
__Lbank33                bank33       000000
__Lbank34                bank34       000000
__Lbank35                bank35       000000
__Lbank36                bank36       000000
__Lbank5                 bank5        000000
__Lbank6                 bank6        000000
__Lbank7                 bank7        000000
__Lbank8                 bank8        000000
__Lbank9                 bank9        000000
__Lbigbss                bigbss       000000
__Lbigdata               bigdata      000000
__Lbigram                bigram       000000
__Lbigsfr                bigsfr       000000
__Lbss                   bss          000000
__LbssCOMRAM             bssCOMRAM    000000
__Lcinit                 cinit        000000
__Lclrtext               clrtext      000000
__Lcomram                comram       000000
__Lconfig                config       000000
__Lconst                 const        000000
__LcstackCOMRAM          cstackCOMRAM 000000
__Ldata                  data         000000
__LdataCOMRAM            dataCOMRAM   000000
__Leeprom_data           eeprom_data  000000
__Lfarbss                farbss       000000
__Lfardata               fardata      000000
__Lheap                  heap         000000
__Libigdata              ibigdata     000000
__Lidata                 idata        000000
__LidataCOMRAM           idataCOMRAM  000000
__Lidloc                 idloc        000000
__Lifardata              ifardata     000000
__Linit                  init         01FFFC
__Lintsave_regs          intsave_regs 000000
__Lirdata                irdata       000000
__Lmediumconst           mediumconst  000000
__LnvFARRAM              nvFARRAM     000000
__Lnvbit                 nvbit        000000
__Lnvrram                nvrram       000000
__Lparam                 rparam       000000
__Lpowerup               powerup      000000
__Lram                   ram          000000
__Lramtop                ramtop       002600
__Lrbit                  rbit         000000
__Lrbss                  rbss         000000
__Lrdata                 rdata        000000
__Lreset_vec             reset_vec    000000
__Lrparam                rparam       000000
__Lsfr                   sfr          000000
__Lsmallconst            smallconst   000000
__Lspace_0               (abs)        000000
__Lspace_1               (abs)        000000
__Lspace_2               (abs)        000000
__Lspace_4               (abs)        000000
__Lstack                 stack        000000
__Lstruct                struct       000000
__Ltemp                  temp         000000
__Ltext                  text         000000
__Ltext0                 text0        000000
__Ltext1                 text1        000000
__Ltext2                 text2        000000
__Ltext3                 text3        000000
__Ltext4                 text4        000000
__Ltext5                 text5        000000
__Ltext6                 text6        000000
__S0                     (abs)        020000
__S1                     (abs)        00052F
__S4                     (abs)        000000
__S5                     (abs)        000000
___heap_hi               (abs)        000000
___heap_lo               (abs)        000000
___inthi_sp              stack        000000
___intlo_sp              stack        000000
___param_bank            (abs)        000000
___rparam_used           (abs)        000001
___sp                    stack        000000
__accesstop              (abs)        000560
__activetblptr           (abs)        000003
__end_of_LCDgoto         text4        01FB7E
__end_of_LCDinit         text5        01FEB0
__end_of_LCDinstruct     text6        01FC8C
__end_of_LCDprintc       text3        01FD04
__end_of_LCDreturn       text2        01FC18
__end_of__initialization cinit        01FBB6
__end_of_keyScan         text1        01FFFC
__end_of_main            text0        01FDC6
__initialization         cinit        01FB8E
__mediumconst            mediumconst  000000
__pbssCOMRAM             bssCOMRAM    00052B
__pcinit                 cinit        01FB8E
__pcstackCOMRAM          cstackCOMRAM 000501
__pdataCOMRAM            dataCOMRAM   00051B
__pidataCOMRAM           idataCOMRAM  01FB7E
__ptext0                 text0        01FD04
__ptext1                 text1        01FEB0
__ptext2                 text2        01FBBC
__ptext3                 text3        01FC8C
__ptext4                 text4        01FB72
__ptext5                 text5        01FDC6
__ptext6                 text6        01FC18
__ramtop                 ramtop       002600
__smallconst             smallconst   000000
_keyScan                 text1        01FEB0
_main                    text0        01FD04
end_of_initialization    cinit        01FBB6
intlevel0                text         000000
intlevel1                text         000000
intlevel2                text         000000
intlevel3                text         000000
isa$std                  (abs)        000001
isa$xinst                (abs)        000000
keyScan@F16694           dataCOMRAM   00051B
keyScan@cols             cstackCOMRAM 000515
keyScan@colshift         cstackCOMRAM 000514
keyScan@lookup           cstackCOMRAM 000504
keyScan@rowshift         cstackCOMRAM 000516
main@key                 cstackCOMRAM 000519
main@pos                 cstackCOMRAM 00051A
stackhi                  (abs)        000000
stacklo                  (abs)        000000
start                    init         01FFFC
start_initialization     cinit        01FB8E


MODULE INFORMATION

Module		Function		Class		Link	Load	Size
keypad18f.c
		_keyScan       		CODE           	1FEB0	0000	332

keypad18f.c estimated size: 332

C:/Users/a_hui/OneDrive - Camosun College/term2/ecet165_embedded_mc/labs/lab6/lcd18f.c
		_LCDinit       		CODE           	1FDC6	0000	234
		_LCDprintc     		CODE           	1FC8C	0000	120
		_LCDgoto       		CODE           	1FB72	0000	12
		_LCDinstruct   		CODE           	1FC18	0000	116
		_LCDreturn     		CODE           	1FBBC	0000	92

C:/Users/a_hui/OneDrive - Camosun College/term2/ecet165_embedded_mc/labs/lab6/lcd18f.c estimated size: 574

keypad_test.c
		_main          		CODE           	1FD04	0000	194

keypad_test.c estimated size: 194

shared
		__initialization		CODE           	1FB8E	0000	40

shared estimated size: 40

