Microchip MPLAB XC8 Compiler V2.40

Linker command line:

-W-3 \
  --edf=C:/Users/a_hui/.mchp_packs/Microchip/PIC18F-Q_DFP/1.16.368/xc8\pic\dat\20230209155309_en.msgs \
  -cn -h+dist/default/debug\lab11.debug.sym \
  --cmf=dist/default/debug\lab11.debug.cmf -z -Q18F57Q43 \
  -oC:\Users\a_hui\AppData\Local\Temp\xcAsss4.4 --defsym=__MPLAB_BUILD=1 \
  --fixupoverflow=error -Mdist/default/debug/lab11.debug.map \
  --md=C:\Users\a_hui\AppData\Local\Temp\xcAsss4.dat -E1 -ver=XC8 Compiler \
  --acfsm=1493 -ACODE=00h-01FFFFh -ACONST=00h-01FFFFh \
  -ASMALLCONST=02600h-026FFhx474 \
  -AMEDIUMCONST=02600h-0FFFFh,012600h-01FFFFh -ACOMRAM=0501h-055Fh \
  -AABS1=0500h-024FFh -ABIGRAM=0501h-024FFh \
  -ARAM=0560h-05FFh,0600h-06FFhx31 -ABANK5=0560h-05FFh -ABANK6=0600h-06FFh \
  -ABANK7=0700h-07FFh -ABANK8=0800h-08FFh -ABANK9=0900h-09FFh \
  -ABANK10=0A00h-0AFFh -ABANK11=0B00h-0BFFh -ABANK12=0C00h-0CFFh \
  -ABANK13=0D00h-0DFFh -ABANK14=0E00h-0EFFh -ABANK15=0F00h-0FFFh \
  -ABANK16=01000h-010FFh -ABANK17=01100h-011FFh -ABANK18=01200h-012FFh \
  -ABANK19=01300h-013FFh -ABANK20=01400h-014FFh -ABANK21=01500h-015FFh \
  -ABANK22=01600h-016FFh -ABANK23=01700h-017FFh -ABANK24=01800h-018FFh \
  -ABANK25=01900h-019FFh -ABANK26=01A00h-01AFFh -ABANK27=01B00h-01BFFh \
  -ABANK28=01C00h-01CFFh -ABANK29=01D00h-01DFFh -ABANK30=01E00h-01EFFh \
  -ABANK31=01F00h-01FFFh -ABANK32=02000h-020FFh -ABANK33=02100h-021FFh \
  -ABANK34=02200h-022FFh -ABANK35=02300h-023FFh -ABANK36=02400h-024FFh \
  -ASFR=00h-0FFhx4,0400h-045Fh,0460h-04FFh,02500h-025FFh \
  -ABIGSFR=00h-04FFh,02500h-025FFh -ACONFIG=0300000h-0300011h \
  -AIDLOC=0200000h-020003Fh -AEEDATA=0380000h-03803FFh -peeprom_data=EEDATA \
  -preset_vec=00h -ppowerup=CODE,init -pramtop=02600h \
  -psmallconst=SMALLCONST -pmediumconst=MEDIUMCONST -pconst=CONST \
  -AFARRAM=00h-00h \
  -prdata=COMRAM,nvrram=COMRAM,nvbit=COMRAM,rbss=COMRAM,rbit=COMRAM \
  -pfarbss=FARRAM,fardata=FARRAM,nvFARRAM=FARRAM \
  -pintsave_regs=BIGRAM,bigbss=BIGRAM,bigdata=BIGRAM -pbss=RAM \
  -pidata=CODE,irdata=CODE,ibigdata=CODE,ifardata=CODE -prparam=COMRAM \
  C:\Users\a_hui\AppData\Local\Temp\xcAsss4.o \
  dist/default/debug\lab11.debug.o 

Object code version is 3.11

Machine type is 18F57Q43



                Name                               Link     Load   Length Selector   Space Scale
C:\Users\a_hui\AppData\Local\Temp\xcAsss4.o
                idloc                            200000   200000       40        0       5
                config                           300000   300000        A        0       4
                init                              1FFFC    1FFFC        4     FFFE       0
                reset_vec                             0        0        4        0       0
dist/default/debug\lab11.debug.o
                idloc                            200000   200000       40        0       5
                config                           300000   300000        A        0       4
                smallconst                         2600     2600       18     1300       0
                text19                             3E78     3E78       74     130C       0
                text18                             4048     4048        C     130C       0
                text17                             3ABA     3ABA       EA     130C       0
                text16                             3D18     3D18       78     130C       0
                text15                             3F50     3F50       52     130C       0
                text14                             3BA4     3BA4       C4     130C       0
                text13                             3C68     3C68       B0     130C       0
                text12                             2AD8     2AD8      42A     130C       0
                text11                             37CE     37CE      106     130C       0
                text10                             3E04     3E04       74     130C       0
                text9                              3EEC     3EEC       64     130C       0
                text8                              3D90     3D90       74     130C       0
                text7                              329C     329C      37E     130C       0
                text6                              2F02     2F02      39A     130C       0
                text5                              2618     2618      4C0     130C       0
                text4                              3FE8     3FE8       46     130C       0
                text3                              361A     361A      1B4     130C       0
                text2                              39C8     39C8       F2     130C       0
                text1                              3FA2     3FA2       46     130C       0
                text0                              38D4     38D4       F4     130C       0
                cstackCOMRAM                        501      501       5E      501       1
                cstackBANK5                         560      560       2B      560       1
                bssBANK5                            58B      58B       1A      560       1
                cinit                              402E     402E       1A     130C       0

TOTAL           Name                               Link     Load   Length     Space
        CLASS   CODE           
                init                              1FFFC    1FFFC        4         0
                reset_vec                             0        0        4         0
                text19                             3E78     3E78       74         0
                text18                             4048     4048        C         0
                text17                             3ABA     3ABA       EA         0
                text16                             3D18     3D18       78         0
                text15                             3F50     3F50       52         0
                text14                             3BA4     3BA4       C4         0
                text13                             3C68     3C68       B0         0
                text12                             2AD8     2AD8      42A         0
                text11                             37CE     37CE      106         0
                text10                             3E04     3E04       74         0
                text9                              3EEC     3EEC       64         0
                text8                              3D90     3D90       74         0
                text7                              329C     329C      37E         0
                text6                              2F02     2F02      39A         0
                text5                              2618     2618      4C0         0
                text4                              3FE8     3FE8       46         0
                text3                              361A     361A      1B4         0
                text2                              39C8     39C8       F2         0
                text1                              3FA2     3FA2       46         0
                text0                              38D4     38D4       F4         0
                cinit                              402E     402E       1A         0

        CLASS   CONST          

        CLASS   SMALLCONST     
                smallconst                         2600     2600       18         0

        CLASS   MEDIUMCONST    

        CLASS   COMRAM         
                cstackCOMRAM                        501      501       5E         1

        CLASS   ABS1           

        CLASS   BIGRAM         

        CLASS   RAM            

        CLASS   BANK5          
                cstackBANK5                         560      560       2B         1
                bssBANK5                            58B      58B       1A         1

        CLASS   BANK6          

        CLASS   BANK7          

        CLASS   BANK8          

        CLASS   BANK9          

        CLASS   BANK10         

        CLASS   BANK11         

        CLASS   BANK12         

        CLASS   BANK13         

        CLASS   BANK14         

        CLASS   BANK15         

        CLASS   BANK16         

        CLASS   BANK17         

        CLASS   BANK18         

        CLASS   BANK19         

        CLASS   BANK20         

        CLASS   BANK21         

        CLASS   BANK22         

        CLASS   BANK23         

        CLASS   BANK24         

        CLASS   BANK25         

        CLASS   BANK26         

        CLASS   BANK27         

        CLASS   BANK28         

        CLASS   BANK29         

        CLASS   BANK30         

        CLASS   BANK31         

        CLASS   BANK32         

        CLASS   BANK33         

        CLASS   BANK34         

        CLASS   BANK35         

        CLASS   BANK36         

        CLASS   SFR            

        CLASS   BIGSFR         

        CLASS   CONFIG         
                config                           300000   300000        A         4

        CLASS   IDLOC          
                idloc                            200000   200000       40         5

        CLASS   EEDATA         

        CLASS   FARRAM         

        CLASS   HEAP           

        CLASS   STACK          



SEGMENTS        Name                           Load    Length   Top    Selector   Space  Class

                reset_vec                      000000  000004  000004         0       0  CODE    
                cstackCOMRAM                   000501  00005E  00055F       501       1  COMRAM  
                cstackBANK5                    000560  000045  0005A5       560       1  BANK5   
                smallconst                     002600  000018  002618      1300       0  SMALLCON
                text5                          002618  001A3C  004054      130C       0  CODE    
                init                           01FFFC  000004  020000      FFFE       0  CODE    


UNUSED ADDRESS RANGES

        Name                Unused          Largest block    Delta
        BANK10           000A00-000AFF              100
        BANK11           000B00-000BFF              100
        BANK12           000C00-000CFF              100
        BANK13           000D00-000DFF              100
        BANK14           000E00-000EFF              100
        BANK15           000F00-000FFF              100
        BANK16           001000-0010FF              100
        BANK17           001100-0011FF              100
        BANK18           001200-0012FF              100
        BANK19           001300-0013FF              100
        BANK20           001400-0014FF              100
        BANK21           001500-0015FF              100
        BANK22           001600-0016FF              100
        BANK23           001700-0017FF              100
        BANK24           001800-0018FF              100
        BANK25           001900-0019FF              100
        BANK26           001A00-001AFF              100
        BANK27           001B00-001BFF              100
        BANK28           001C00-001CFF              100
        BANK29           001D00-001DFF              100
        BANK30           001E00-001EFF              100
        BANK31           001F00-001FFF              100
        BANK32           002000-0020FF              100
        BANK33           002100-0021FF              100
        BANK34           002200-0022FF              100
        BANK35           002300-0023FF              100
        BANK36           002400-0024FF              100
        BANK5            0005A5-0005FF               5B
        BANK6            000600-0006FF              100
        BANK7            000700-0007FF              100
        BANK8            000800-0008FF              100
        BANK9            000900-0009FF              100
        BIGRAM           00055F-00055F                1
                         0005A5-0024FF             1F5B
        BIGSFR           000000-0004FF              500
                         002500-0025FF              100
        CODE             000004-0025FF             25FC
                         004054-01FFFB            1BFA8
        COMRAM           00055F-00055F                1
        CONFIG           30000A-300011                8
        CONST            000004-0025FF             25FC
                         004054-01FFFB            1BFA8
        EEDATA           380000-3803FF              400
        MEDIUMCONST      004054-00FFFF             BFAC
                         012600-01FFFB             D9FC
        RAM              0005A5-0024FF              100
        SFR              000000-0004FF              100
                         002500-0025FF              100
        SMALLCONST       004054-01FFFB              100

                                  Symbol Table

?_LCDprintf                cstackCOMRAM 000559
?___awdiv                  cstackCOMRAM 000501
?___awmod                  cstackCOMRAM 000501
?___fladd                  cstackCOMRAM 000528
?___fldiv                  cstackCOMRAM 00050F
?___flmul                  cstackCOMRAM 000540
?___flsub                  cstackCOMRAM 000538
?___fltol                  cstackCOMRAM 000501
?___lwdiv                  cstackCOMRAM 000501
?___lwmod                  cstackCOMRAM 000501
?___xxtofl                 cstackCOMRAM 000501
?_analogMap                cstackBANK5  000560
?_analogRead               cstackCOMRAM 000501
?_toString                 cstackCOMRAM 000508
LCDgoto@pos                cstackCOMRAM 000503
LCDinstruct@instr          cstackCOMRAM 000502
LCDprintc@c                cstackCOMRAM 000502
LCDprintf@args             cstackBANK5  000583
LCDprintf@f_input          cstackBANK5  00057C
LCDprintf@f_int            cstackBANK5  000580
LCDprintf@f_string         cstackBANK5  000567
LCDprintf@i                cstackBANK5  00057B
LCDprintf@indexer          cstackBANK5  000582
LCDprintf@shell            cstackCOMRAM 000559
LCDprints@c                cstackCOMRAM 000512
_ADCON0bits                (abs)        0003F3
_ADPCH                     (abs)        0003EC
_ADRESH                    (abs)        0003EB
_ADRESL                    (abs)        0003EA
_ANSELAbits                (abs)        000400
_ANSELD                    (abs)        000418
_LATD                      (abs)        0004C1
_LATDbits                  (abs)        0004C1
_LCDgoto                   text18       004048
_LCDinit                   text17       003ABA
_LCDinstruct               text19       003E78
_LCDprintc                 text16       003D18
_LCDprintf                 text7        00329C
_LCDprints                 text15       003F50
_TRISAbits                 (abs)        0004C6
_TRISD                     (abs)        0004C9
_WPUD                      (abs)        000419
__HRAM                     (abs)        000000
__Habs1                    abs1         000000
__Hbank10                  bank10       000000
__Hbank11                  bank11       000000
__Hbank12                  bank12       000000
__Hbank13                  bank13       000000
__Hbank14                  bank14       000000
__Hbank15                  bank15       000000
__Hbank16                  bank16       000000
__Hbank17                  bank17       000000
__Hbank18                  bank18       000000
__Hbank19                  bank19       000000
__Hbank20                  bank20       000000
__Hbank21                  bank21       000000
__Hbank22                  bank22       000000
__Hbank23                  bank23       000000
__Hbank24                  bank24       000000
__Hbank25                  bank25       000000
__Hbank26                  bank26       000000
__Hbank27                  bank27       000000
__Hbank28                  bank28       000000
__Hbank29                  bank29       000000
__Hbank30                  bank30       000000
__Hbank31                  bank31       000000
__Hbank32                  bank32       000000
__Hbank33                  bank33       000000
__Hbank34                  bank34       000000
__Hbank35                  bank35       000000
__Hbank36                  bank36       000000
__Hbank5                   bank5        000000
__Hbank6                   bank6        000000
__Hbank7                   bank7        000000
__Hbank8                   bank8        000000
__Hbank9                   bank9        000000
__Hbigbss                  bigbss       000000
__Hbigdata                 bigdata      000000
__Hbigram                  bigram       000000
__Hbigsfr                  bigsfr       000000
__Hbss                     bss          000000
__HbssBANK5                bssBANK5     000000
__Hcinit                   cinit        000000
__Hclrtext                 clrtext      000000
__Hcomram                  comram       000000
__Hconfig                  config       30000A
__Hconst                   const        000000
__HcstackBANK5             cstackBANK5  000000
__HcstackCOMRAM            cstackCOMRAM 000000
__Hdata                    data         000000
__Heeprom_data             eeprom_data  000000
__Hfarbss                  farbss       000000
__Hfardata                 fardata      000000
__Hheap                    heap         000000
__Hibigdata                ibigdata     000000
__Hidata                   idata        000000
__Hidloc                   idloc        200040
__Hifardata                ifardata     000000
__Hinit                    init         020000
__Hintsave_regs            intsave_regs 000000
__Hirdata                  irdata       000000
__Hmediumconst             mediumconst  000000
__HnvFARRAM                nvFARRAM     000000
__Hnvbit                   nvbit        000000
__Hnvrram                  nvrram       000000
__Hparam                   rparam       000000
__Hpowerup                 powerup      000000
__Hram                     ram          000000
__Hramtop                  ramtop       002600
__Hrbit                    rbit         000000
__Hrbss                    rbss         000000
__Hrdata                   rdata        000000
__Hreset_vec               reset_vec    000004
__Hrparam                  rparam       000000
__Hsfr                     sfr          000000
__Hsmallconst              smallconst   002618
__Hspace_0                 (abs)        020000
__Hspace_1                 (abs)        0005A5
__Hspace_2                 (abs)        000000
__Hspace_4                 (abs)        60000A
__Hstack                   stack        000000
__Hstruct                  struct       000000
__Htemp                    temp         000000
__Htext                    text         000000
__Htext0                   text0        000000
__Htext1                   text1        000000
__Htext10                  text10       000000
__Htext11                  text11       000000
__Htext12                  text12       000000
__Htext13                  text13       000000
__Htext14                  text14       000000
__Htext15                  text15       000000
__Htext16                  text16       000000
__Htext17                  text17       000000
__Htext18                  text18       000000
__Htext19                  text19       000000
__Htext2                   text2        000000
__Htext3                   text3        000000
__Htext4                   text4        000000
__Htext5                   text5        000000
__Htext6                   text6        000000
__Htext7                   text7        000000
__Htext8                   text8        000000
__Htext9                   text9        000000
__LRAM                     (abs)        000001
__Labs1                    abs1         000000
__Lbank10                  bank10       000000
__Lbank11                  bank11       000000
__Lbank12                  bank12       000000
__Lbank13                  bank13       000000
__Lbank14                  bank14       000000
__Lbank15                  bank15       000000
__Lbank16                  bank16       000000
__Lbank17                  bank17       000000
__Lbank18                  bank18       000000
__Lbank19                  bank19       000000
__Lbank20                  bank20       000000
__Lbank21                  bank21       000000
__Lbank22                  bank22       000000
__Lbank23                  bank23       000000
__Lbank24                  bank24       000000
__Lbank25                  bank25       000000
__Lbank26                  bank26       000000
__Lbank27                  bank27       000000
__Lbank28                  bank28       000000
__Lbank29                  bank29       000000
__Lbank30                  bank30       000000
__Lbank31                  bank31       000000
__Lbank32                  bank32       000000
__Lbank33                  bank33       000000
__Lbank34                  bank34       000000
__Lbank35                  bank35       000000
__Lbank36                  bank36       000000
__Lbank5                   bank5        000000
__Lbank6                   bank6        000000
__Lbank7                   bank7        000000
__Lbank8                   bank8        000000
__Lbank9                   bank9        000000
__Lbigbss                  bigbss       000000
__Lbigdata                 bigdata      000000
__Lbigram                  bigram       000000
__Lbigsfr                  bigsfr       000000
__Lbss                     bss          000000
__LbssBANK5                bssBANK5     000000
__Lcinit                   cinit        000000
__Lclrtext                 clrtext      000000
__Lcomram                  comram       000000
__Lconfig                  config       000000
__Lconst                   const        000000
__LcstackBANK5             cstackBANK5  000000
__LcstackCOMRAM            cstackCOMRAM 000000
__Ldata                    data         000000
__Leeprom_data             eeprom_data  000000
__Lfarbss                  farbss       000000
__Lfardata                 fardata      000000
__Lheap                    heap         000000
__Libigdata                ibigdata     000000
__Lidata                   idata        000000
__Lidloc                   idloc        000000
__Lifardata                ifardata     000000
__Linit                    init         01FFFC
__Lintsave_regs            intsave_regs 000000
__Lirdata                  irdata       000000
__Lmediumconst             mediumconst  000000
__LnvFARRAM                nvFARRAM     000000
__Lnvbit                   nvbit        000000
__Lnvrram                  nvrram       000000
__Lparam                   rparam       000000
__Lpowerup                 powerup      000000
__Lram                     ram          000000
__Lramtop                  ramtop       002600
__Lrbit                    rbit         000000
__Lrbss                    rbss         000000
__Lrdata                   rdata        000000
__Lreset_vec               reset_vec    000000
__Lrparam                  rparam       000000
__Lsfr                     sfr          000000
__Lsmallconst              smallconst   002600
__Lspace_0                 (abs)        000000
__Lspace_1                 (abs)        000000
__Lspace_2                 (abs)        000000
__Lspace_4                 (abs)        000000
__Lstack                   stack        000000
__Lstruct                  struct       000000
__Ltemp                    temp         000000
__Ltext                    text         000000
__Ltext0                   text0        000000
__Ltext1                   text1        000000
__Ltext10                  text10       000000
__Ltext11                  text11       000000
__Ltext12                  text12       000000
__Ltext13                  text13       000000
__Ltext14                  text14       000000
__Ltext15                  text15       000000
__Ltext16                  text16       000000
__Ltext17                  text17       000000
__Ltext18                  text18       000000
__Ltext19                  text19       000000
__Ltext2                   text2        000000
__Ltext3                   text3        000000
__Ltext4                   text4        000000
__Ltext5                   text5        000000
__Ltext6                   text6        000000
__Ltext7                   text7        000000
__Ltext8                   text8        000000
__Ltext9                   text9        000000
__S0                       (abs)        020000
__S1                       (abs)        0005A5
__S4                       (abs)        000000
__S5                       (abs)        000000
___awdiv                   text14       003BA4
___awdiv@counter           cstackCOMRAM 000505
___awdiv@dividend          cstackCOMRAM 000501
___awdiv@divisor           cstackCOMRAM 000503
___awdiv@quotient          cstackCOMRAM 000507
___awdiv@sign              cstackCOMRAM 000506
___awmod                   text13       003C68
___awmod@counter           cstackCOMRAM 000505
___awmod@dividend          cstackCOMRAM 000501
___awmod@divisor           cstackCOMRAM 000503
___awmod@sign              cstackCOMRAM 000506
___fladd                   text5        002618
___fladd@a                 cstackCOMRAM 00052C
___fladd@aexp              cstackCOMRAM 000535
___fladd@b                 cstackCOMRAM 000528
___fladd@bexp              cstackCOMRAM 000536
___fladd@grs               cstackCOMRAM 000537
___fladd@signs             cstackCOMRAM 000534
___fldiv                   text6        002F02
___fldiv@a                 cstackCOMRAM 000513
___fldiv@aexp              cstackCOMRAM 000527
___fldiv@b                 cstackCOMRAM 00050F
___fldiv@bexp              cstackCOMRAM 000526
___fldiv@grs               cstackCOMRAM 000522
___fldiv@new_exp           cstackCOMRAM 000520
___fldiv@rem               cstackCOMRAM 00051B
___fldiv@sign              cstackCOMRAM 00051F
___flmul                   text12       002AD8
___flmul@a                 cstackCOMRAM 000544
___flmul@aexp              cstackCOMRAM 000551
___flmul@b                 cstackCOMRAM 000540
___flmul@bexp              cstackCOMRAM 000552
___flmul@grs               cstackCOMRAM 00054D
___flmul@prod              cstackCOMRAM 000553
___flmul@sign              cstackCOMRAM 00054C
___flmul@temp              cstackCOMRAM 000557
___flsub                   text4        003FE8
___flsub@a                 cstackCOMRAM 00053C
___flsub@b                 cstackCOMRAM 000538
___fltol                   text11       0037CE
___fltol@exp1              cstackCOMRAM 00050A
___fltol@f1                cstackCOMRAM 000501
___fltol@sign1             cstackCOMRAM 000509
___heap_hi                 (abs)        000000
___heap_lo                 (abs)        000000
___inthi_sp                stack        000000
___intlo_sp                stack        000000
___lwdiv                   text10       003E04
___lwdiv@counter           cstackCOMRAM 000507
___lwdiv@dividend          cstackCOMRAM 000501
___lwdiv@divisor           cstackCOMRAM 000503
___lwdiv@quotient          cstackCOMRAM 000505
___lwmod                   text9        003EEC
___lwmod@counter           cstackCOMRAM 000505
___lwmod@dividend          cstackCOMRAM 000501
___lwmod@divisor           cstackCOMRAM 000503
___param_bank              (abs)        000000
___rparam_used             (abs)        000001
___sp                      stack        000000
___xxtofl                  text3        00361A
___xxtofl@arg              cstackCOMRAM 00050B
___xxtofl@exp              cstackCOMRAM 00050A
___xxtofl@sign             cstackCOMRAM 000509
___xxtofl@val              cstackCOMRAM 000501
__accesstop                (abs)        000560
__activetblptr             (abs)        000001
__end_of_LCDgoto           text18       004054
__end_of_LCDinit           text17       003BA4
__end_of_LCDinstruct       text19       003EEC
__end_of_LCDprintc         text16       003D90
__end_of_LCDprintf         text7        00361A
__end_of_LCDprints         text15       003FA2
__end_of___awdiv           text14       003C68
__end_of___awmod           text13       003D18
__end_of___fladd           text5        002AD8
__end_of___fldiv           text6        00329C
__end_of___flmul           text12       002F02
__end_of___flsub           text4        00402E
__end_of___fltol           text11       0038D4
__end_of___lwdiv           text10       003E78
__end_of___lwmod           text9        003F50
__end_of___xxtofl          text3        0037CE
__end_of__initialization   cinit        00403A
__end_of_analogMap         text2        003ABA
__end_of_analogRead        text1        003FE8
__end_of_main              text0        0039C8
__end_of_toString          text8        003E04
__initialization           cinit        00402E
__mediumconst              mediumconst  000000
__pbssBANK5                bssBANK5     00058B
__pcinit                   cinit        00402E
__pcstackBANK5             cstackBANK5  000560
__pcstackCOMRAM            cstackCOMRAM 000501
__psmallconst              smallconst   002600
__ptext0                   text0        0038D4
__ptext1                   text1        003FA2
__ptext10                  text10       003E04
__ptext11                  text11       0037CE
__ptext12                  text12       002AD8
__ptext13                  text13       003C68
__ptext14                  text14       003BA4
__ptext15                  text15       003F50
__ptext16                  text16       003D18
__ptext17                  text17       003ABA
__ptext18                  text18       004048
__ptext19                  text19       003E78
__ptext2                   text2        0039C8
__ptext3                   text3        00361A
__ptext4                   text4        003FE8
__ptext5                   text5        002618
__ptext6                   text6        002F02
__ptext7                   text7        00329C
__ptext8                   text8        003D90
__ptext9                   text9        003EEC
__ramtop                   ramtop       002600
__smallconst               smallconst   002600
_analogMap                 text2        0039C8
_analogMap$890             cstackBANK5  00056E
_analogRead                text1        003FA2
_main                      text0        0038D4
_toString                  text8        003D90
analogMap@analog_max       cstackBANK5  000562
analogMap@analog_min       cstackBANK5  000564
analogMap@analog_reading   cstackBANK5  000560
analogMap@sensor_max       cstackBANK5  000566
analogMap@sensor_min       cstackBANK5  00056A
analogRead@pin_ansel       cstackCOMRAM 000501
analogRead@pin_designation cstackCOMRAM 000509
analogRead@pin_tris        cstackCOMRAM 000505
end_of_initialization      cinit        00403A
intlevel0                  text         000000
intlevel1                  text         000000
intlevel2                  text         000000
intlevel3                  text         000000
isa$std                    (abs)        000001
isa$xinst                  (abs)        000000
main@pot_voltage           cstackBANK5  000587
stackhi                    (abs)        000000
stacklo                    (abs)        000000
start                      init         01FFFC
start_initialization       cinit        00402E
toString@i                 cstackCOMRAM 000511
toString@length            cstackCOMRAM 00050A
toString@number            cstackCOMRAM 000508
toString@string            cstackCOMRAM 00050B


MODULE INFORMATION

Module		Function		Class		Link	Load	Size
C:\Program Files\Microchip\xc8\v2.40\pic\sources\c99\common\sprcmul.c
		___flmul       		CODE           	2AD8	0000	1066

C:\Program Files\Microchip\xc8\v2.40\pic\sources\c99\common\sprcmul.c estimated size: 1066

C:\Program Files\Microchip\xc8\v2.40\pic\sources\c99\common\sprcdiv.c
		___fldiv       		CODE           	2F02	0000	922

C:\Program Files\Microchip\xc8\v2.40\pic\sources\c99\common\sprcdiv.c estimated size: 922

C:/Users/a_hui/OneDrive - Camosun College/term2/ecet165_embedded_mc/labs/ecet165-labs/lab11/analogTest.c
		_main          		CODE           	38D4	0000	244

C:/Users/a_hui/OneDrive - Camosun College/term2/ecet165_embedded_mc/labs/ecet165-labs/lab11/analogTest.c estimated size: 244

C:\Program Files\Microchip\xc8\v2.40\pic\sources\c99\common\lwdiv.c
		___lwdiv       		CODE           	3E04	0000	116

C:\Program Files\Microchip\xc8\v2.40\pic\sources\c99\common\lwdiv.c estimated size: 116

C:\Program Files\Microchip\xc8\v2.40\pic\sources\c99\common\awdiv.c
		___awdiv       		CODE           	3BA4	0000	196

C:\Program Files\Microchip\xc8\v2.40\pic\sources\c99\common\awdiv.c estimated size: 196

C:\Program Files\Microchip\xc8\v2.40\pic\sources\c99\common\fltol.c
		___fltol       		CODE           	37CE	0000	262

C:\Program Files\Microchip\xc8\v2.40\pic\sources\c99\common\fltol.c estimated size: 262

C:\Program Files\Microchip\xc8\v2.40\pic\sources\c99\common\sprcadd.c
		___flsub       		CODE           	3FE8	0000	70
		___fladd       		CODE           	2618	0000	1216

C:\Program Files\Microchip\xc8\v2.40\pic\sources\c99\common\sprcadd.c estimated size: 1286

C:/Users/a_hui/OneDrive - Camosun College/term2/ecet165_embedded_mc/labs/ecet165-labs/lab6/lcd18f.c
		_LCDinit       		CODE           	3ABA	0000	234
		_LCDprintc     		CODE           	3D18	0000	120
		_LCDprintf     		CODE           	329C	0000	894
		_LCDprints     		CODE           	3F50	0000	82
		_LCDgoto       		CODE           	4048	0000	12
		_LCDinstruct   		CODE           	3E78	0000	116
		_toString      		CODE           	3D90	0000	116

C:/Users/a_hui/OneDrive - Camosun College/term2/ecet165_embedded_mc/labs/ecet165-labs/lab6/lcd18f.c estimated size: 1574

C:\Program Files\Microchip\xc8\v2.40\pic\sources\c99\common\xxtofl.c
		___xxtofl      		CODE           	361A	0000	436

C:\Program Files\Microchip\xc8\v2.40\pic\sources\c99\common\xxtofl.c estimated size: 436

shared
		__initialization		CODE           	402E	0000	12

shared estimated size: 12

C:/Users/a_hui/OneDrive - Camosun College/term2/ecet165_embedded_mc/labs/ecet165-labs/lab11/analog18f.c
		_analogMap     		CODE           	39C8	0000	242
		_analogRead    		CODE           	3FA2	0000	70

C:/Users/a_hui/OneDrive - Camosun College/term2/ecet165_embedded_mc/labs/ecet165-labs/lab11/analog18f.c estimated size: 312

C:\Program Files\Microchip\xc8\v2.40\pic\sources\c99\common\lwmod.c
		___lwmod       		CODE           	3EEC	0000	100

C:\Program Files\Microchip\xc8\v2.40\pic\sources\c99\common\lwmod.c estimated size: 100

C:\Program Files\Microchip\xc8\v2.40\pic\sources\c99\common\awmod.c
		___awmod       		CODE           	3C68	0000	176

C:\Program Files\Microchip\xc8\v2.40\pic\sources\c99\common\awmod.c estimated size: 176

